Archive member included to satisfy reference by file (symbol)

/usr/lib/gcc/arm-none-eabi/9.2.1/thumb/v6-m/nofp/libgcc.a(_dvmd_tls.o)
                              CMakeFiles/kalman_filter.dir/home/kike/Documents/Droneproject/RaspberrypicoCpp/pico/pico-sdk/src/rp2_common/pico_divider/divider.S.obj (__aeabi_idiv0)
/usr/lib/gcc/arm-none-eabi/9.2.1/../../../arm-none-eabi/lib/thumb/v6-m/nofp/libg.a(lib_a-atexit.o)
                              /usr/lib/gcc/arm-none-eabi/9.2.1/../../../arm-none-eabi/lib/thumb/v6-m/nofp/crt0.o (atexit)
/usr/lib/gcc/arm-none-eabi/9.2.1/../../../arm-none-eabi/lib/thumb/v6-m/nofp/libg.a(lib_a-calloc.o)
                              CMakeFiles/kalman_filter.dir/home/kike/Documents/Droneproject/RaspberrypicoCpp/pico/pico-sdk/src/rp2_common/pico_malloc/pico_malloc.c.obj (calloc)
/usr/lib/gcc/arm-none-eabi/9.2.1/../../../arm-none-eabi/lib/thumb/v6-m/nofp/libg.a(lib_a-callocr.o)
                              /usr/lib/gcc/arm-none-eabi/9.2.1/../../../arm-none-eabi/lib/thumb/v6-m/nofp/libg.a(lib_a-calloc.o) (_calloc_r)
/usr/lib/gcc/arm-none-eabi/9.2.1/../../../arm-none-eabi/lib/thumb/v6-m/nofp/libg.a(lib_a-fini.o)
                              /usr/lib/gcc/arm-none-eabi/9.2.1/../../../arm-none-eabi/lib/thumb/v6-m/nofp/crt0.o (__libc_fini_array)
/usr/lib/gcc/arm-none-eabi/9.2.1/../../../arm-none-eabi/lib/thumb/v6-m/nofp/libg.a(lib_a-impure.o)
                              /usr/lib/gcc/arm-none-eabi/9.2.1/../../../arm-none-eabi/lib/thumb/v6-m/nofp/libg.a(lib_a-calloc.o) (_impure_ptr)
/usr/lib/gcc/arm-none-eabi/9.2.1/../../../arm-none-eabi/lib/thumb/v6-m/nofp/libg.a(lib_a-init.o)
                              /usr/lib/gcc/arm-none-eabi/9.2.1/../../../arm-none-eabi/lib/thumb/v6-m/nofp/crt0.o (__libc_init_array)
/usr/lib/gcc/arm-none-eabi/9.2.1/../../../arm-none-eabi/lib/thumb/v6-m/nofp/libg.a(lib_a-malloc.o)
                              CMakeFiles/kalman_filter.dir/home/kike/Documents/Droneproject/RaspberrypicoCpp/pico/pico-sdk/src/rp2_common/pico_malloc/pico_malloc.c.obj (malloc)
/usr/lib/gcc/arm-none-eabi/9.2.1/../../../arm-none-eabi/lib/thumb/v6-m/nofp/libg.a(lib_a-mallocr.o)
                              /usr/lib/gcc/arm-none-eabi/9.2.1/../../../arm-none-eabi/lib/thumb/v6-m/nofp/libg.a(lib_a-callocr.o) (_malloc_r)
/usr/lib/gcc/arm-none-eabi/9.2.1/../../../arm-none-eabi/lib/thumb/v6-m/nofp/libg.a(lib_a-mlock.o)
                              /usr/lib/gcc/arm-none-eabi/9.2.1/../../../arm-none-eabi/lib/thumb/v6-m/nofp/libg.a(lib_a-mallocr.o) (__malloc_lock)
/usr/lib/gcc/arm-none-eabi/9.2.1/../../../arm-none-eabi/lib/thumb/v6-m/nofp/libg.a(lib_a-sbrkr.o)
                              /usr/lib/gcc/arm-none-eabi/9.2.1/../../../arm-none-eabi/lib/thumb/v6-m/nofp/libg.a(lib_a-mallocr.o) (_sbrk_r)
/usr/lib/gcc/arm-none-eabi/9.2.1/../../../arm-none-eabi/lib/thumb/v6-m/nofp/libg.a(lib_a-strlen-stub.o)
                              CMakeFiles/kalman_filter.dir/home/kike/Documents/Droneproject/RaspberrypicoCpp/pico/pico-sdk/src/rp2_common/pico_stdio/stdio.c.obj (strlen)
/usr/lib/gcc/arm-none-eabi/9.2.1/../../../arm-none-eabi/lib/thumb/v6-m/nofp/libg.a(lib_a-__atexit.o)
                              /usr/lib/gcc/arm-none-eabi/9.2.1/../../../arm-none-eabi/lib/thumb/v6-m/nofp/libg.a(lib_a-atexit.o) (__register_exitproc)
/usr/lib/gcc/arm-none-eabi/9.2.1/../../../arm-none-eabi/lib/thumb/v6-m/nofp/libg.a(lib_a-freer.o)
                              /usr/lib/gcc/arm-none-eabi/9.2.1/../../../arm-none-eabi/lib/thumb/v6-m/nofp/libg.a(lib_a-malloc.o) (_free_r)
/usr/lib/gcc/arm-none-eabi/9.2.1/../../../arm-none-eabi/lib/thumb/v6-m/nofp/libg.a(lib_a-reent.o)
                              /usr/lib/gcc/arm-none-eabi/9.2.1/../../../arm-none-eabi/lib/thumb/v6-m/nofp/libg.a(lib_a-sbrkr.o) (errno)

Allocating common symbols
Common symbol       size              file

sf_table            0x100             CMakeFiles/kalman_filter.dir/home/kike/Documents/Droneproject/RaspberrypicoCpp/pico/pico-sdk/src/rp2_common/pico_float/float_init_rom.c.obj
errno               0x4               /usr/lib/gcc/arm-none-eabi/9.2.1/../../../arm-none-eabi/lib/thumb/v6-m/nofp/libg.a(lib_a-reent.o)
sf_clz_func         0x4               CMakeFiles/kalman_filter.dir/home/kike/Documents/Droneproject/RaspberrypicoCpp/pico/pico-sdk/src/rp2_common/pico_float/float_init_rom.c.obj
sd_table            0x100             CMakeFiles/kalman_filter.dir/home/kike/Documents/Droneproject/RaspberrypicoCpp/pico/pico-sdk/src/rp2_common/pico_double/double_init_rom.c.obj
uart_char_to_line_feed
                    0x4               CMakeFiles/kalman_filter.dir/home/kike/Documents/Droneproject/RaspberrypicoCpp/pico/pico-sdk/src/rp2_common/hardware_uart/uart.c.obj

Discarded input sections

 .text          0x0000000000000000        0x0 /usr/lib/gcc/arm-none-eabi/9.2.1/thumb/v6-m/nofp/crti.o
 .data          0x0000000000000000        0x0 /usr/lib/gcc/arm-none-eabi/9.2.1/thumb/v6-m/nofp/crti.o
[...]
Memory Configuration

Name             Origin             Length             Attributes
FLASH            0x0000000010000000 0x0000000000200000 xr
RAM              0x0000000020000000 0x0000000000040000 xrw
SCRATCH_X        0x0000000020040000 0x0000000000001000 xrw
SCRATCH_Y        0x0000000020041000 0x0000000000001000 xrw
*default*        0x0000000000000000 0xffffffffffffffff

Linker script and memory map

LOAD /usr/lib/gcc/arm-none-eabi/9.2.1/thumb/v6-m/nofp/crti.o
LOAD /usr/lib/gcc/arm-none-eabi/9.2.1/thumb/v6-m/nofp/crtbegin.o
LOAD /usr/lib/gcc/arm-none-eabi/9.2.1/../../../arm-none-eabi/lib/thumb/v6-m/nofp/crt0.o

.flash_begin    0x0000000010000000        0x0
                0x0000000010000000                __flash_binary_start = .

.boot2          0x0000000010000000      0x100
                0x0000000010000000                __boot2_start__ = .
 *(.boot2)
 .boot2         0x0000000010000000      0x100 /tmp/cc2y8Hpa.o
                0x0000000010000100                __boot2_end__ = .
                0x0000000000000001                ASSERT (((__boot2_end__ - __boot2_start__) == 0x100), ERROR: Pico second stage bootloader must be 256 bytes in size)

.text           0x0000000010000100     0x4ba0
                0x0000000010000100                __logical_binary_start = .
 *(.vectors)
 .vectors       0x0000000010000100       0xd4 CMakeFiles/kalman_filter.dir/home/kike/Documents/Droneproject/RaspberrypicoCpp/pico/pico-sdk/src/rp2_common/pico_standard_link/crt0.S.obj
                0x0000000010000100                __vectors
                0x0000000010000100                __VECTOR_TABLE
                0x00000000100001c0                isr_invalid
                0x00000000100001c0                __default_isrs_start
                0x00000000100001c2                isr_nmi
                0x00000000100001c4                isr_hardfault
                0x00000000100001c6                isr_svcall
                0x00000000100001c8                isr_pendsv
                0x00000000100001ca                isr_systick
                0x00000000100001cc                isr_irq30
                0x00000000100001cc                __unhandled_user_irq
                0x00000000100001cc                isr_irq13
                0x00000000100001cc                isr_irq27
                0x00000000100001cc                isr_irq31
                0x00000000100001cc                isr_irq5
                0x00000000100001cc                isr_irq11
                0x00000000100001cc                isr_irq23
                0x00000000100001cc                isr_irq18
                0x00000000100001cc                isr_irq28
                0x00000000100001cc                isr_irq19
                0x00000000100001cc                isr_irq0
                0x00000000100001cc                isr_irq6
                0x00000000100001cc                isr_irq22
                0x00000000100001cc                isr_irq17
                0x00000000100001cc                isr_irq14
                0x00000000100001cc                isr_irq2
                0x00000000100001cc                isr_irq10
                0x00000000100001cc                isr_irq8
                0x00000000100001cc                isr_irq24
                0x00000000100001cc                isr_irq1
                0x00000000100001cc                isr_irq7
                0x00000000100001cc                isr_irq21
                0x00000000100001cc                isr_irq20
                0x00000000100001cc                isr_irq15
                0x00000000100001cc                isr_irq25
                0x00000000100001cc                isr_irq4
                0x00000000100001cc                isr_irq16
                0x00000000100001cc                isr_irq29
                0x00000000100001cc                isr_irq26
                0x00000000100001cc                __default_isrs_end
                0x00000000100001cc                isr_irq3
                0x00000000100001cc                isr_irq12
                0x00000000100001cc                isr_irq9
                0x00000000100001d2                unhandled_user_irq_num_in_r0
 *(.binary_info_header)
 .binary_info_header
                0x00000000100001d4       0x14 CMakeFiles/kalman_filter.dir/home/kike/Documents/Droneproject/RaspberrypicoCpp/pico/pico-sdk/src/rp2_common/pico_standard_link/crt0.S.obj
                0x00000000100001e8                __binary_info_header_end = .
 *(.reset)
 .reset         0x00000000100001e8       0xa8 CMakeFiles/kalman_filter.dir/home/kike/Documents/Droneproject/RaspberrypicoCpp/pico/pico-sdk/src/rp2_common/pico_standard_link/crt0.S.obj
                0x00000000100001e8                _entry_point
                0x0000000010000266                __get_current_exception
 .reset         0x0000000010000290       0x30 CMakeFiles/kalman_filter.dir/home/kike/Documents/Droneproject/RaspberrypicoCpp/pico/pico-sdk/src/rp2_common/pico_standard_link/binary_info.c.obj
 *(.init)
 .init          0x00000000100002c0        0x4 /usr/lib/gcc/arm-none-eabi/9.2.1/thumb/v6-m/nofp/crti.o
                0x00000000100002c0                _init
 *(EXCLUDE_FILE(*libm.a: *libc.a:*lib_a-mem*.o *libgcc.a:) .text*)
 .text          0x00000000100002c4       0x98 /usr/lib/gcc/arm-none-eabi/9.2.1/thumb/v6-m/nofp/crtbegin.o
 .text._Z10initializev
                0x000000001000035c       0xb8 CMakeFiles/kalman_filter.dir/kalman_filter.cpp.obj
                0x000000001000035c                initialize()
 .text._Z8sendToPCsssssssss
                0x0000000010000414       0xa4 CMakeFiles/kalman_filter.dir/kalman_filter.cpp.obj
                0x0000000010000414                sendToPC(short, short, short, short, short, short, short, short, short)
 .text.main     0x00000000100004b8       0xec CMakeFiles/kalman_filter.dir/kalman_filter.cpp.obj
                0x00000000100004b8                main
 .text.gpio_set_function
                0x00000000100005a4       0x30 CMakeFiles/kalman_filter.dir/home/kike/Documents/Droneproject/RaspberrypicoCpp/pico/pico-sdk/src/rp2_common/hardware_gpio/gpio.c.obj
                0x00000000100005a4                gpio_set_function
 .text.gpio_set_pulls
                0x00000000100005d4       0x34 CMakeFiles/kalman_filter.dir/home/kike/Documents/Droneproject/RaspberrypicoCpp/pico/pico-sdk/src/rp2_common/hardware_gpio/gpio.c.obj
                0x00000000100005d4                gpio_set_pulls
 .text.hw_claim_lock
                0x0000000010000608       0x18 CMakeFiles/kalman_filter.dir/home/kike/Documents/Droneproject/RaspberrypicoCpp/pico/pico-sdk/src/rp2_common/hardware_claim/claim.c.obj
                0x0000000010000608                hw_claim_lock
 .text.hw_claim_unlock
                0x0000000010000620       0x14 CMakeFiles/kalman_filter.dir/home/kike/Documents/Droneproject/RaspberrypicoCpp/pico/pico-sdk/src/rp2_common/hardware_claim/claim.c.obj
                0x0000000010000620                hw_claim_unlock
 .text.hw_claim_or_assert
                0x0000000010000634       0x32 CMakeFiles/kalman_filter.dir/home/kike/Documents/Droneproject/RaspberrypicoCpp/pico/pico-sdk/src/rp2_common/hardware_claim/claim.c.obj
                0x0000000010000634                hw_claim_or_assert
 *fill*         0x0000000010000666        0x2 
 .text.running_on_fpga
                0x0000000010000668       0x14 CMakeFiles/kalman_filter.dir/home/kike/Documents/Droneproject/RaspberrypicoCpp/pico/pico-sdk/src/rp2_common/pico_platform/platform.c.obj
                0x0000000010000668                running_on_fpga
 .text.spin_locks_reset
                0x000000001000067c       0x20 CMakeFiles/kalman_filter.dir/home/kike/Documents/Droneproject/RaspberrypicoCpp/pico/pico-sdk/src/rp2_common/hardware_sync/sync.c.obj
                0x000000001000067c                spin_locks_reset
 .text.next_striped_spin_lock_num
                0x000000001000069c       0x1c CMakeFiles/kalman_filter.dir/home/kike/Documents/Droneproject/RaspberrypicoCpp/pico/pico-sdk/src/rp2_common/hardware_sync/sync.c.obj
                0x000000001000069c                next_striped_spin_lock_num
 .text.uart_set_baudrate
                0x00000000100006b8       0x5c CMakeFiles/kalman_filter.dir/home/kike/Documents/Droneproject/RaspberrypicoCpp/pico/pico-sdk/src/rp2_common/hardware_uart/uart.c.obj
                0x00000000100006b8                uart_set_baudrate
 .text.uart_set_translate_crlf
                0x0000000010000714       0x28 CMakeFiles/kalman_filter.dir/home/kike/Documents/Droneproject/RaspberrypicoCpp/pico/pico-sdk/src/rp2_common/hardware_uart/uart.c.obj
                0x0000000010000714                uart_set_translate_crlf
 .text.uart_init
                0x000000001000073c       0x80 CMakeFiles/kalman_filter.dir/home/kike/Documents/Droneproject/RaspberrypicoCpp/pico/pico-sdk/src/rp2_common/hardware_uart/uart.c.obj
                0x000000001000073c                uart_init
 .text.alarm_pool_post_alloc_init
                0x00000000100007bc       0x40 CMakeFiles/kalman_filter.dir/home/kike/Documents/Droneproject/RaspberrypicoCpp/pico/pico-sdk/src/common/pico_time/time.c.obj
 .text.sleep_until_callback
                0x00000000100007fc       0x30 CMakeFiles/kalman_filter.dir/home/kike/Documents/Droneproject/RaspberrypicoCpp/pico/pico-sdk/src/common/pico_time/time.c.obj
 .text.timer_pool_entry_comparator
                0x000000001000082c       0x7c CMakeFiles/kalman_filter.dir/home/kike/Documents/Droneproject/RaspberrypicoCpp/pico/pico-sdk/src/common/pico_time/time.c.obj
                0x000000001000082c                timer_pool_entry_comparator
 .text.ph_add_child_node
                0x00000000100008a8       0xa4 CMakeFiles/kalman_filter.dir/home/kike/Documents/Droneproject/RaspberrypicoCpp/pico/pico-sdk/src/common/pico_time/time.c.obj
 .text.ph_merge_nodes
                0x000000001000094c       0x3e CMakeFiles/kalman_filter.dir/home/kike/Documents/Droneproject/RaspberrypicoCpp/pico/pico-sdk/src/common/pico_time/time.c.obj
 *fill*         0x000000001000098a        0x2 
 .text.add_alarm_under_lock
                0x000000001000098c      0x174 CMakeFiles/kalman_filter.dir/home/kike/Documents/Droneproject/RaspberrypicoCpp/pico/pico-sdk/src/common/pico_time/time.c.obj
 .text.alarm_pool_alarm_callback
                0x0000000010000b00      0x32c CMakeFiles/kalman_filter.dir/home/kike/Documents/Droneproject/RaspberrypicoCpp/pico/pico-sdk/src/common/pico_time/time.c.obj
 .text.alarm_pool_init_default
                0x0000000010000e2c       0x38 CMakeFiles/kalman_filter.dir/home/kike/Documents/Droneproject/RaspberrypicoCpp/pico/pico-sdk/src/common/pico_time/time.c.obj
                0x0000000010000e2c                alarm_pool_init_default
 .text.alarm_pool_get_default
                0x0000000010000e64       0x2c CMakeFiles/kalman_filter.dir/home/kike/Documents/Droneproject/RaspberrypicoCpp/pico/pico-sdk/src/common/pico_time/time.c.obj
                0x0000000010000e64                alarm_pool_get_default
 .text.alarm_pool_add_alarm_at
                0x0000000010000e90      0x170 CMakeFiles/kalman_filter.dir/home/kike/Documents/Droneproject/RaspberrypicoCpp/pico/pico-sdk/src/common/pico_time/time.c.obj
                0x0000000010000e90                alarm_pool_add_alarm_at
 .text.sleep_until
                0x0000000010001000       0xfc CMakeFiles/kalman_filter.dir/home/kike/Documents/Droneproject/RaspberrypicoCpp/pico/pico-sdk/src/common/pico_time/time.c.obj
                0x0000000010001000                sleep_until
 .text.sleep_us
                0x00000000100010fc       0x58 CMakeFiles/kalman_filter.dir/home/kike/Documents/Droneproject/RaspberrypicoCpp/pico/pico-sdk/src/common/pico_time/time.c.obj
                0x00000000100010fc                sleep_us
 .text.sleep_ms
                0x0000000010001154       0x14 CMakeFiles/kalman_filter.dir/home/kike/Documents/Droneproject/RaspberrypicoCpp/pico/pico-sdk/src/common/pico_time/time.c.obj
                0x0000000010001154                sleep_ms
 .text.hardware_alarm_irq_handler
                0x0000000010001168       0x8c CMakeFiles/kalman_filter.dir/home/kike/Documents/Droneproject/RaspberrypicoCpp/pico/pico-sdk/src/rp2_common/hardware_timer/timer.c.obj
 .text.hardware_alarm_claim
                0x00000000100011f4       0x18 CMakeFiles/kalman_filter.dir/home/kike/Documents/Droneproject/RaspberrypicoCpp/pico/pico-sdk/src/rp2_common/hardware_timer/timer.c.obj
                0x00000000100011f4                hardware_alarm_claim
 .text.time_us_64
                0x000000001000120c       0x18 CMakeFiles/kalman_filter.dir/home/kike/Documents/Droneproject/RaspberrypicoCpp/pico/pico-sdk/src/rp2_common/hardware_timer/timer.c.obj
                0x000000001000120c                time_us_64
 .text.busy_wait_until
                0x0000000010001224       0x24 CMakeFiles/kalman_filter.dir/home/kike/Documents/Droneproject/RaspberrypicoCpp/pico/pico-sdk/src/rp2_common/hardware_timer/timer.c.obj
                0x0000000010001224                busy_wait_until
 .text.hardware_alarm_set_callback
                0x0000000010001248       0x90 CMakeFiles/kalman_filter.dir/home/kike/Documents/Droneproject/RaspberrypicoCpp/pico/pico-sdk/src/rp2_common/hardware_timer/timer.c.obj
                0x0000000010001248                hardware_alarm_set_callback
 .text.hardware_alarm_set_target
                0x00000000100012d8       0xe8 CMakeFiles/kalman_filter.dir/home/kike/Documents/Droneproject/RaspberrypicoCpp/pico/pico-sdk/src/rp2_common/hardware_timer/timer.c.obj
                0x00000000100012d8                hardware_alarm_set_target
 .text.hardware_alarm_cancel
                0x00000000100013c0       0x40 CMakeFiles/kalman_filter.dir/home/kike/Documents/Droneproject/RaspberrypicoCpp/pico/pico-sdk/src/rp2_common/hardware_timer/timer.c.obj
                0x00000000100013c0                hardware_alarm_cancel
 .text.lock_init
                0x0000000010001400       0x10 CMakeFiles/kalman_filter.dir/home/kike/Documents/Droneproject/RaspberrypicoCpp/pico/pico-sdk/src/common/pico_sync/lock_core.c.obj
                0x0000000010001400                lock_init
 .text.mutex_init_internal
                0x0000000010001410       0x1e CMakeFiles/kalman_filter.dir/home/kike/Documents/Droneproject/RaspberrypicoCpp/pico/pico-sdk/src/common/pico_sync/mutex.c.obj
 .text.mutex_init
                0x000000001000142e        0xa CMakeFiles/kalman_filter.dir/home/kike/Documents/Droneproject/RaspberrypicoCpp/pico/pico-sdk/src/common/pico_sync/mutex.c.obj
                0x000000001000142e                mutex_init
 .text.recursive_mutex_init
                0x0000000010001438        0xa CMakeFiles/kalman_filter.dir/home/kike/Documents/Droneproject/RaspberrypicoCpp/pico/pico-sdk/src/common/pico_sync/mutex.c.obj
                0x0000000010001438                recursive_mutex_init
 *fill*         0x0000000010001442        0x2 
 .text.ph_add_child_node
                0x0000000010001444       0xa4 CMakeFiles/kalman_filter.dir/home/kike/Documents/Droneproject/RaspberrypicoCpp/pico/pico-sdk/src/common/pico_util/pheap.c.obj
 .text.ph_merge_nodes
                0x00000000100014e8       0x3e CMakeFiles/kalman_filter.dir/home/kike/Documents/Droneproject/RaspberrypicoCpp/pico/pico-sdk/src/common/pico_util/pheap.c.obj
 *fill*         0x0000000010001526        0x2 
 .text.ph_clear
                0x0000000010001528       0x70 CMakeFiles/kalman_filter.dir/home/kike/Documents/Droneproject/RaspberrypicoCpp/pico/pico-sdk/src/common/pico_util/pheap.c.obj
                0x0000000010001528                ph_clear
 .text.ph_post_alloc_init
                0x0000000010001598        0xe CMakeFiles/kalman_filter.dir/home/kike/Documents/Droneproject/RaspberrypicoCpp/pico/pico-sdk/src/common/pico_util/pheap.c.obj
                0x0000000010001598                ph_post_alloc_init
 *fill*         0x00000000100015a6        0x2 
 .text.ph_merge_two_pass
                0x00000000100015a8       0xa8 CMakeFiles/kalman_filter.dir/home/kike/Documents/Droneproject/RaspberrypicoCpp/pico/pico-sdk/src/common/pico_util/pheap.c.obj
                0x00000000100015a8                ph_merge_two_pass
 .text.ph_remove_any_head
                0x0000000010001650      0x108 CMakeFiles/kalman_filter.dir/home/kike/Documents/Droneproject/RaspberrypicoCpp/pico/pico-sdk/src/common/pico_util/pheap.c.obj
 .text.ph_remove_head
                0x0000000010001758       0x14 CMakeFiles/kalman_filter.dir/home/kike/Documents/Droneproject/RaspberrypicoCpp/pico/pico-sdk/src/common/pico_util/pheap.c.obj
                0x0000000010001758                ph_remove_head
 .text.ph_remove_and_free_node
                0x000000001000176c       0xf8 CMakeFiles/kalman_filter.dir/home/kike/Documents/Droneproject/RaspberrypicoCpp/pico/pico-sdk/src/common/pico_util/pheap.c.obj
                0x000000001000176c                ph_remove_and_free_node
 .text.runtime_init
                0x0000000010001864       0xd8 CMakeFiles/kalman_filter.dir/home/kike/Documents/Droneproject/RaspberrypicoCpp/pico/pico-sdk/src/rp2_common/pico_runtime/runtime.c.obj
                0x0000000010001864                runtime_init
 .text._exit    0x000000001000193c        0x4 CMakeFiles/kalman_filter.dir/home/kike/Documents/Droneproject/RaspberrypicoCpp/pico/pico-sdk/src/rp2_common/pico_runtime/runtime.c.obj
                0x000000001000193c                _exit
 .text.exit     0x0000000010001940        0x6 CMakeFiles/kalman_filter.dir/home/kike/Documents/Droneproject/RaspberrypicoCpp/pico/pico-sdk/src/rp2_common/pico_runtime/runtime.c.obj
                0x0000000010001940                exit
 *fill*         0x0000000010001946        0x2 
 .text.__assert_func
                0x0000000010001948       0x3c CMakeFiles/kalman_filter.dir/home/kike/Documents/Droneproject/RaspberrypicoCpp/pico/pico-sdk/src/rp2_common/pico_runtime/runtime.c.obj
                0x0000000010001948                __assert_func
 .text.panic    0x0000000010001984       0x30 CMakeFiles/kalman_filter.dir/home/kike/Documents/Droneproject/RaspberrypicoCpp/pico/pico-sdk/src/rp2_common/pico_runtime/runtime.c.obj
                0x0000000010001984                panic
 .text.clock_configure
                0x00000000100019b4      0x104 CMakeFiles/kalman_filter.dir/home/kike/Documents/Droneproject/RaspberrypicoCpp/pico/pico-sdk/src/rp2_common/hardware_clocks/clocks.c.obj
                0x00000000100019b4                clock_configure
 .text.clocks_init
                0x0000000010001ab8      0x100 CMakeFiles/kalman_filter.dir/home/kike/Documents/Droneproject/RaspberrypicoCpp/pico/pico-sdk/src/rp2_common/hardware_clocks/clocks.c.obj
                0x0000000010001ab8                clocks_init
 .text.clock_get_hz
                0x0000000010001bb8        0xc CMakeFiles/kalman_filter.dir/home/kike/Documents/Droneproject/RaspberrypicoCpp/pico/pico-sdk/src/rp2_common/hardware_clocks/clocks.c.obj
                0x0000000010001bb8                clock_get_hz
 .text.set_raw_irq_handler_and_unlock
                0x0000000010001bc4       0x28 CMakeFiles/kalman_filter.dir/home/kike/Documents/Droneproject/RaspberrypicoCpp/pico/pico-sdk/src/rp2_common/hardware_irq/irq.c.obj
 .text.make_branch
                0x0000000010001bec       0x34 CMakeFiles/kalman_filter.dir/home/kike/Documents/Droneproject/RaspberrypicoCpp/pico/pico-sdk/src/rp2_common/hardware_irq/irq.c.obj
 .text.insert_branch_and_link
                0x0000000010001c20       0x40 CMakeFiles/kalman_filter.dir/home/kike/Documents/Droneproject/RaspberrypicoCpp/pico/pico-sdk/src/rp2_common/hardware_irq/irq.c.obj
 .text.irq_is_enabled
                0x0000000010001c60       0x18 CMakeFiles/kalman_filter.dir/home/kike/Documents/Droneproject/RaspberrypicoCpp/pico/pico-sdk/src/rp2_common/hardware_irq/irq.c.obj
                0x0000000010001c60                irq_is_enabled
 .text.irq_set_mask_enabled
                0x0000000010001c78       0x20 CMakeFiles/kalman_filter.dir/home/kike/Documents/Droneproject/RaspberrypicoCpp/pico/pico-sdk/src/rp2_common/hardware_irq/irq.c.obj
                0x0000000010001c78                irq_set_mask_enabled
 .text.irq_set_enabled
                0x0000000010001c98        0xe CMakeFiles/kalman_filter.dir/home/kike/Documents/Droneproject/RaspberrypicoCpp/pico/pico-sdk/src/rp2_common/hardware_irq/irq.c.obj
                0x0000000010001c98                irq_set_enabled
 *fill*         0x0000000010001ca6        0x2 
 .text.irq_get_vtable_handler
                0x0000000010001ca8       0x10 CMakeFiles/kalman_filter.dir/home/kike/Documents/Droneproject/RaspberrypicoCpp/pico/pico-sdk/src/rp2_common/hardware_irq/irq.c.obj
                0x0000000010001ca8                irq_get_vtable_handler
 .text.irq_set_exclusive_handler
                0x0000000010001cb8       0x54 CMakeFiles/kalman_filter.dir/home/kike/Documents/Droneproject/RaspberrypicoCpp/pico/pico-sdk/src/rp2_common/hardware_irq/irq.c.obj
                0x0000000010001cb8                irq_set_exclusive_handler
 .text.irq_remove_handler
                0x0000000010001d0c      0x1ac CMakeFiles/kalman_filter.dir/home/kike/Documents/Droneproject/RaspberrypicoCpp/pico/pico-sdk/src/rp2_common/hardware_irq/irq.c.obj
                0x0000000010001d0c                irq_remove_handler
 .text.irq_set_priority
                0x0000000010001eb8       0x28 CMakeFiles/kalman_filter.dir/home/kike/Documents/Droneproject/RaspberrypicoCpp/pico/pico-sdk/src/rp2_common/hardware_irq/irq.c.obj
                0x0000000010001eb8                irq_set_priority
 .text.irq_add_tail_to_free_list
                0x0000000010001ee0       0xf0 CMakeFiles/kalman_filter.dir/home/kike/Documents/Droneproject/RaspberrypicoCpp/pico/pico-sdk/src/rp2_common/hardware_irq/irq.c.obj
                0x0000000010001ee0                irq_add_tail_to_free_list
 .text.irq_init_priorities
                0x0000000010001fd0       0x16 CMakeFiles/kalman_filter.dir/home/kike/Documents/Droneproject/RaspberrypicoCpp/pico/pico-sdk/src/rp2_common/hardware_irq/irq.c.obj
                0x0000000010001fd0                irq_init_priorities
 *fill*         0x0000000010001fe6        0x2 
 .text.pll_init
                0x0000000010001fe8      0x118 CMakeFiles/kalman_filter.dir/home/kike/Documents/Droneproject/RaspberrypicoCpp/pico/pico-sdk/src/rp2_common/hardware_pll/pll.c.obj
                0x0000000010001fe8                pll_init
 .text.watchdog_start_tick
                0x0000000010002100       0x10 CMakeFiles/kalman_filter.dir/home/kike/Documents/Droneproject/RaspberrypicoCpp/pico/pico-sdk/src/rp2_common/hardware_watchdog/watchdog.c.obj
                0x0000000010002100                watchdog_start_tick
 .text.xosc_init
                0x0000000010002110       0x28 CMakeFiles/kalman_filter.dir/home/kike/Documents/Droneproject/RaspberrypicoCpp/pico/pico-sdk/src/rp2_common/hardware_xosc/xosc.c.obj
                0x0000000010002110                xosc_init
 .text._out_null
                0x0000000010002138        0x2 CMakeFiles/kalman_filter.dir/home/kike/Documents/Droneproject/RaspberrypicoCpp/pico/pico-sdk/src/rp2_common/pico_printf/printf.c.obj
 .text._out_fct
                0x000000001000213a        0xe CMakeFiles/kalman_filter.dir/home/kike/Documents/Droneproject/RaspberrypicoCpp/pico/pico-sdk/src/rp2_common/pico_printf/printf.c.obj
 .text._atoi    0x0000000010002148       0x24 CMakeFiles/kalman_filter.dir/home/kike/Documents/Droneproject/RaspberrypicoCpp/pico/pico-sdk/src/rp2_common/pico_printf/printf.c.obj
 .text._out_rev
                0x000000001000216c       0xae CMakeFiles/kalman_filter.dir/home/kike/Documents/Droneproject/RaspberrypicoCpp/pico/pico-sdk/src/rp2_common/pico_printf/printf.c.obj
 .text._ntoa_format
                0x000000001000221a      0x110 CMakeFiles/kalman_filter.dir/home/kike/Documents/Droneproject/RaspberrypicoCpp/pico/pico-sdk/src/rp2_common/pico_printf/printf.c.obj
 .text._ntoa_long
                0x000000001000232a       0xbc CMakeFiles/kalman_filter.dir/home/kike/Documents/Droneproject/RaspberrypicoCpp/pico/pico-sdk/src/rp2_common/pico_printf/printf.c.obj
 .text._ntoa_long_long
                0x00000000100023e6       0xe2 CMakeFiles/kalman_filter.dir/home/kike/Documents/Droneproject/RaspberrypicoCpp/pico/pico-sdk/src/rp2_common/pico_printf/printf.c.obj
 .text._etoa    0x00000000100024c8      0x40c CMakeFiles/kalman_filter.dir/home/kike/Documents/Droneproject/RaspberrypicoCpp/pico/pico-sdk/src/rp2_common/pico_printf/printf.c.obj
 .text._ftoa    0x00000000100028d4      0x354 CMakeFiles/kalman_filter.dir/home/kike/Documents/Droneproject/RaspberrypicoCpp/pico/pico-sdk/src/rp2_common/pico_printf/printf.c.obj
 .text._vsnprintf
                0x0000000010002c28      0x628 CMakeFiles/kalman_filter.dir/home/kike/Documents/Droneproject/RaspberrypicoCpp/pico/pico-sdk/src/rp2_common/pico_printf/printf.c.obj
 .text.vfctprintf
                0x0000000010003250       0x20 CMakeFiles/kalman_filter.dir/home/kike/Documents/Droneproject/RaspberrypicoCpp/pico/pico-sdk/src/rp2_common/pico_printf/printf.c.obj
                0x0000000010003250                vfctprintf
 .text          0x0000000010003270       0x10 CMakeFiles/kalman_filter.dir/home/kike/Documents/Droneproject/RaspberrypicoCpp/pico/pico-sdk/src/rp2_common/pico_bit_ops/bit_ops_aeabi.S.obj
 .text.rom_func_lookup
                0x0000000010003280       0x10 CMakeFiles/kalman_filter.dir/home/kike/Documents/Droneproject/RaspberrypicoCpp/pico/pico-sdk/src/rp2_common/pico_bootrom/bootrom.c.obj
                0x0000000010003280                rom_func_lookup
 .text.rom_data_lookup
                0x0000000010003290       0x10 CMakeFiles/kalman_filter.dir/home/kike/Documents/Droneproject/RaspberrypicoCpp/pico/pico-sdk/src/rp2_common/pico_bootrom/bootrom.c.obj
                0x0000000010003290                rom_data_lookup
 .text.rom_funcs_lookup
                0x00000000100032a0       0x36 CMakeFiles/kalman_filter.dir/home/kike/Documents/Droneproject/RaspberrypicoCpp/pico/pico-sdk/src/rp2_common/pico_bootrom/bootrom.c.obj
                0x00000000100032a0                rom_funcs_lookup
 *fill*         0x00000000100032d6        0x2 
 .text.__wrap___aeabi_idiv
                0x00000000100032d8       0x50 CMakeFiles/kalman_filter.dir/home/kike/Documents/Droneproject/RaspberrypicoCpp/pico/pico-sdk/src/rp2_common/pico_divider/divider.S.obj
                0x00000000100032d8                __wrap___aeabi_idivmod
                0x00000000100032d8                divmod_s32s32
                0x00000000100032d8                div_s32s32
                0x00000000100032d8                __wrap___aeabi_idiv
                0x00000000100032e0                divmod_s32s32_unsafe
                0x000000001000330c                divmod_s32s32_savestate
 .text.__wrap___aeabi_uidiv
                0x0000000010003328       0x4c CMakeFiles/kalman_filter.dir/home/kike/Documents/Droneproject/RaspberrypicoCpp/pico/pico-sdk/src/rp2_common/pico_divider/divider.S.obj
                0x0000000010003328                __wrap___aeabi_uidiv
                0x0000000010003328                __wrap___aeabi_uidivmod
                0x0000000010003328                div_u32u32
                0x0000000010003328                divmod_u32u32
                0x0000000010003330                divmod_u32u32_unsafe
                0x0000000010003358                divmod_u32u32_savestate
 .text.__wrap___aeabi_ldiv
                0x0000000010003374      0x430 CMakeFiles/kalman_filter.dir/home/kike/Documents/Droneproject/RaspberrypicoCpp/pico/pico-sdk/src/rp2_common/pico_divider/divider.S.obj
                0x0000000010003374                div_s64s64
                0x0000000010003374                divmod_s64s64
                0x0000000010003374                __wrap___aeabi_ldivmod
                0x00000000100033ac                div_u64u64
                0x00000000100033ac                divmod_u64u64
                0x00000000100033ac                __wrap___aeabi_uldivmod
                0x00000000100033bc                divmod_u64u64_savestate
                0x00000000100033e4                divmod_s64s64_unsafe
                0x000000001000346c                divmod_u64u64_unsafe
 .text.__wrap___aeabi_darithmetic
                0x00000000100037a4       0x80 CMakeFiles/kalman_filter.dir/home/kike/Documents/Droneproject/RaspberrypicoCpp/pico/pico-sdk/src/rp2_common/pico_double/double_aeabi.S.obj
                0x00000000100037a4                __wrap___aeabi_drsub
                0x00000000100037aa                __wrap___aeabi_dsub
                0x00000000100037bc                __wrap___aeabi_dadd
                0x00000000100037ce                __wrap___aeabi_ddiv
                0x000000001000380a                __wrap___aeabi_dmul
 .text.__wrap___aeabi_cdcmple
                0x0000000010003824       0x6c CMakeFiles/kalman_filter.dir/home/kike/Documents/Droneproject/RaspberrypicoCpp/pico/pico-sdk/src/rp2_common/pico_double/double_aeabi.S.obj
                0x0000000010003824                __wrap___aeabi_cdrcmple
                0x0000000010003834                __wrap___aeabi_cdcmple
                0x0000000010003834                __wrap___aeabi_cdcmpeq
 .text.__wrap___aeabi_dcmplt
                0x0000000010003890        0xc CMakeFiles/kalman_filter.dir/home/kike/Documents/Droneproject/RaspberrypicoCpp/pico/pico-sdk/src/rp2_common/pico_double/double_aeabi.S.obj
                0x0000000010003890                __wrap___aeabi_dcmplt
 .text.__wrap___aeabi_dcmple
                0x000000001000389c       0x10 CMakeFiles/kalman_filter.dir/home/kike/Documents/Droneproject/RaspberrypicoCpp/pico/pico-sdk/src/rp2_common/pico_double/double_aeabi.S.obj
                0x000000001000389c                __wrap___aeabi_dcmple
 .text.__wrap___aeabi_dcmpge
                0x00000000100038ac       0x10 CMakeFiles/kalman_filter.dir/home/kike/Documents/Droneproject/RaspberrypicoCpp/pico/pico-sdk/src/rp2_common/pico_double/double_aeabi.S.obj
                0x00000000100038ac                __wrap___aeabi_dcmpge
 .text.__wrap___aeabi_dcmpgt
                0x00000000100038bc        0xa CMakeFiles/kalman_filter.dir/home/kike/Documents/Droneproject/RaspberrypicoCpp/pico/pico-sdk/src/rp2_common/pico_double/double_aeabi.S.obj
                0x00000000100038bc                __wrap___aeabi_dcmpgt
 .text.__wrap___aeabi_dcmpun
                0x00000000100038c6       0x1c CMakeFiles/kalman_filter.dir/home/kike/Documents/Droneproject/RaspberrypicoCpp/pico/pico-sdk/src/rp2_common/pico_double/double_aeabi.S.obj
                0x00000000100038c6                __wrap___aeabi_dcmpun
 *fill*         0x00000000100038e2        0x2 
 .text.__wrap___aeabi_i2d
                0x00000000100038e4       0x38 CMakeFiles/kalman_filter.dir/home/kike/Documents/Droneproject/RaspberrypicoCpp/pico/pico-sdk/src/rp2_common/pico_double/double_aeabi.S.obj
                0x00000000100038e4                __wrap___aeabi_ui2d
                0x00000000100038ec                __wrap___aeabi_i2d
 .text.__wrap___aeabi_d2iz
                0x000000001000391c       0x48 CMakeFiles/kalman_filter.dir/home/kike/Documents/Droneproject/RaspberrypicoCpp/pico/pico-sdk/src/rp2_common/pico_double/double_aeabi.S.obj
                0x000000001000391c                __wrap___aeabi_d2iz
                0x000000001000391c                double2int_z
 .text.__wrap___aeabi_d2uiz
                0x0000000010003964       0x18 CMakeFiles/kalman_filter.dir/home/kike/Documents/Droneproject/RaspberrypicoCpp/pico/pico-sdk/src/rp2_common/pico_double/double_aeabi.S.obj
                0x0000000010003964                double2uint
                0x0000000010003964                __wrap___aeabi_d2uiz
 .text.__aeabi_double_init
                0x000000001000397c       0xb4 CMakeFiles/kalman_filter.dir/home/kike/Documents/Droneproject/RaspberrypicoCpp/pico/pico-sdk/src/rp2_common/pico_double/double_init_rom.c.obj
                0x000000001000397c                __aeabi_double_init
 .text.double_table_shim_on_use_helper
                0x0000000010003a30       0x34 CMakeFiles/kalman_filter.dir/home/kike/Documents/Droneproject/RaspberrypicoCpp/pico/pico-sdk/src/rp2_common/pico_double/double_v1_rom_shim.S.obj
                0x0000000010003a30                double_table_shim_on_use_helper
 .text.__wrap___aeabi_dsub
                0x0000000010003a64       0x10 CMakeFiles/kalman_filter.dir/home/kike/Documents/Droneproject/RaspberrypicoCpp/pico/pico-sdk/src/rp2_common/pico_double/double_v1_rom_shim.S.obj
                0x0000000010003a64                drsub_shim
                0x0000000010003a6a                dsub_shim
 .text.dadd_shim
                0x0000000010003a74      0x15c CMakeFiles/kalman_filter.dir/home/kike/Documents/Droneproject/RaspberrypicoCpp/pico/pico-sdk/src/rp2_common/pico_double/double_v1_rom_shim.S.obj
                0x0000000010003a74                dadd_shim
 .text.dmul_shim
                0x0000000010003bd0      0x15c CMakeFiles/kalman_filter.dir/home/kike/Documents/Droneproject/RaspberrypicoCpp/pico/pico-sdk/src/rp2_common/pico_double/double_v1_rom_shim.S.obj
                0x0000000010003bd0                dmul_shim
 .text.ddiv_shim
                0x0000000010003d2c      0x1b0 CMakeFiles/kalman_filter.dir/home/kike/Documents/Droneproject/RaspberrypicoCpp/pico/pico-sdk/src/rp2_common/pico_double/double_v1_rom_shim.S.obj
                0x0000000010003d2c                ddiv_shim
 .text.dcordic_rot_step
                0x0000000010003edc       0x7c CMakeFiles/kalman_filter.dir/home/kike/Documents/Droneproject/RaspberrypicoCpp/pico/pico-sdk/src/rp2_common/pico_double/double_v1_rom_shim.S.obj
                0x0000000010003edc                dcordic_rot_step
 .text.double2uint_shim
                0x0000000010003f58        0xe CMakeFiles/kalman_filter.dir/home/kike/Documents/Droneproject/RaspberrypicoCpp/pico/pico-sdk/src/rp2_common/pico_double/double_v1_rom_shim.S.obj
                0x0000000010003f58                double2uint_shim
                0x0000000010003f5a                double2ufix_shim
 *fill*         0x0000000010003f66        0x2 
 .text.double2uint64_shim
                0x0000000010003f68       0x6c CMakeFiles/kalman_filter.dir/home/kike/Documents/Droneproject/RaspberrypicoCpp/pico/pico-sdk/src/rp2_common/pico_double/double_v1_rom_shim.S.obj
                0x0000000010003f68                double2uint64_shim
                0x0000000010003f6a                double2ufix64_shim
                0x0000000010003f84                d2fix_a
 .text.dunpacks
                0x0000000010003fd4       0x3c CMakeFiles/kalman_filter.dir/home/kike/Documents/Droneproject/RaspberrypicoCpp/pico/pico-sdk/src/rp2_common/pico_double/double_v1_rom_shim.S.obj
                0x0000000010003fd4                dunpacks
 .text.__aeabi_lmul
                0x0000000010004010       0x32 CMakeFiles/kalman_filter.dir/home/kike/Documents/Droneproject/RaspberrypicoCpp/pico/pico-sdk/src/rp2_common/pico_int64_ops/pico_int64_ops_aeabi.S.obj
                0x0000000010004010                __wrap___aeabi_lmul
 *fill*         0x0000000010004042        0x2 
 .text.__aeabi_float_init
                0x0000000010004044       0xfc CMakeFiles/kalman_filter.dir/home/kike/Documents/Droneproject/RaspberrypicoCpp/pico/pico-sdk/src/rp2_common/pico_float/float_init_rom.c.obj
                0x0000000010004044                __aeabi_float_init
 .text.float_table_shim_on_use_helper
                0x0000000010004140       0x34 CMakeFiles/kalman_filter.dir/home/kike/Documents/Droneproject/RaspberrypicoCpp/pico/pico-sdk/src/rp2_common/pico_float/float_v1_rom_shim.S.obj
                0x0000000010004140                float_table_shim_on_use_helper
 .text          0x0000000010004174       0x10 CMakeFiles/kalman_filter.dir/home/kike/Documents/Droneproject/RaspberrypicoCpp/pico/pico-sdk/src/rp2_common/pico_mem_ops/mem_ops_aeabi.S.obj
                0x0000000010004174                __aeabi_mem_init
 .text.memset   0x0000000010004184        0xc CMakeFiles/kalman_filter.dir/home/kike/Documents/Droneproject/RaspberrypicoCpp/pico/pico-sdk/src/rp2_common/pico_mem_ops/mem_ops_aeabi.S.obj
                0x0000000010004184                __wrap_memset
 .text.memcpy   0x0000000010004190        0xc CMakeFiles/kalman_filter.dir/home/kike/Documents/Droneproject/RaspberrypicoCpp/pico/pico-sdk/src/rp2_common/pico_mem_ops/mem_ops_aeabi.S.obj
                0x0000000010004190                __wrap___aeabi_memcpy
                0x0000000010004190                __wrap_memcpy
 .text.stdio_out_chars_crlf
                0x000000001000419c       0x80 CMakeFiles/kalman_filter.dir/home/kike/Documents/Droneproject/RaspberrypicoCpp/pico/pico-sdk/src/rp2_common/pico_stdio/stdio.c.obj
 .text.stdio_stack_buffer_flush
                0x000000001000421c       0x44 CMakeFiles/kalman_filter.dir/home/kike/Documents/Droneproject/RaspberrypicoCpp/pico/pico-sdk/src/rp2_common/pico_stdio/stdio.c.obj
 .text.stdio_buffered_printer
                0x0000000010004260       0x20 CMakeFiles/kalman_filter.dir/home/kike/Documents/Droneproject/RaspberrypicoCpp/pico/pico-sdk/src/rp2_common/pico_stdio/stdio.c.obj
 .text.stdout_serialize_begin
                0x0000000010004280       0x30 CMakeFiles/kalman_filter.dir/home/kike/Documents/Droneproject/RaspberrypicoCpp/pico/pico-sdk/src/rp2_common/pico_stdio/stdio.c.obj
                0x0000000010004280                stdout_serialize_begin
 .text.stdout_serialize_end
                0x00000000100042b0       0x10 CMakeFiles/kalman_filter.dir/home/kike/Documents/Droneproject/RaspberrypicoCpp/pico/pico-sdk/src/rp2_common/pico_stdio/stdio.c.obj
                0x00000000100042b0                stdout_serialize_end
 .text.stdio_put_string
                0x00000000100042c0       0x84 CMakeFiles/kalman_filter.dir/home/kike/Documents/Droneproject/RaspberrypicoCpp/pico/pico-sdk/src/rp2_common/pico_stdio/stdio.c.obj
 .text.stdio_set_driver_enabled
                0x0000000010004344       0x38 CMakeFiles/kalman_filter.dir/home/kike/Documents/Droneproject/RaspberrypicoCpp/pico/pico-sdk/src/rp2_common/pico_stdio/stdio.c.obj
                0x0000000010004344                stdio_set_driver_enabled
 .text.stdio_flush
                0x000000001000437c       0x20 CMakeFiles/kalman_filter.dir/home/kike/Documents/Droneproject/RaspberrypicoCpp/pico/pico-sdk/src/rp2_common/pico_stdio/stdio.c.obj
                0x000000001000437c                stdio_flush
 .text.__wrap_puts
                0x000000001000439c       0x1c CMakeFiles/kalman_filter.dir/home/kike/Documents/Droneproject/RaspberrypicoCpp/pico/pico-sdk/src/rp2_common/pico_stdio/stdio.c.obj
                0x000000001000439c                __wrap_puts
 .text.__wrap_vprintf
                0x00000000100043b8       0x44 CMakeFiles/kalman_filter.dir/home/kike/Documents/Droneproject/RaspberrypicoCpp/pico/pico-sdk/src/rp2_common/pico_stdio/stdio.c.obj
                0x00000000100043b8                __wrap_vprintf
 .text.__wrap_printf
                0x00000000100043fc       0x18 CMakeFiles/kalman_filter.dir/home/kike/Documents/Droneproject/RaspberrypicoCpp/pico/pico-sdk/src/rp2_common/pico_stdio/stdio.c.obj
                0x00000000100043fc                __wrap_printf
 .text.stdio_init_all
                0x0000000010004414        0x8 CMakeFiles/kalman_filter.dir/home/kike/Documents/Droneproject/RaspberrypicoCpp/pico/pico-sdk/src/rp2_common/pico_stdio/stdio.c.obj
                0x0000000010004414                stdio_init_all
 .text.stdio_uart_out_chars
                0x000000001000441c       0x74 CMakeFiles/kalman_filter.dir/home/kike/Documents/Droneproject/RaspberrypicoCpp/pico/pico-sdk/src/rp2_common/pico_stdio_uart/stdio_uart.c.obj
 .text.stdio_uart_in_chars
                0x0000000010004490       0x54 CMakeFiles/kalman_filter.dir/home/kike/Documents/Droneproject/RaspberrypicoCpp/pico/pico-sdk/src/rp2_common/pico_stdio_uart/stdio_uart.c.obj
                0x0000000010004490                stdio_uart_in_chars
 .text.stdio_uart_init_full
                0x00000000100044e4       0x3c CMakeFiles/kalman_filter.dir/home/kike/Documents/Droneproject/RaspberrypicoCpp/pico/pico-sdk/src/rp2_common/pico_stdio_uart/stdio_uart.c.obj
                0x00000000100044e4                stdio_uart_init_full
 .text.stdio_uart_init
                0x0000000010004520       0x28 CMakeFiles/kalman_filter.dir/home/kike/Documents/Droneproject/RaspberrypicoCpp/pico/pico-sdk/src/rp2_common/pico_stdio_uart/stdio_uart.c.obj
                0x0000000010004520                stdio_uart_init
 .text.spi_set_baudrate
                0x0000000010004548       0x94 CMakeFiles/kalman_filter.dir/home/kike/Documents/Droneproject/RaspberrypicoCpp/pico/pico-sdk/src/rp2_common/hardware_spi/spi.c.obj
                0x0000000010004548                spi_set_baudrate
 .text.spi_init
                0x00000000100045dc       0x68 CMakeFiles/kalman_filter.dir/home/kike/Documents/Droneproject/RaspberrypicoCpp/pico/pico-sdk/src/rp2_common/hardware_spi/spi.c.obj
                0x00000000100045dc                spi_init
 .text.i2c_write_blocking_internal
                0x0000000010004644      0x13c CMakeFiles/kalman_filter.dir/home/kike/Documents/Droneproject/RaspberrypicoCpp/pico/pico-sdk/src/rp2_common/hardware_i2c/i2c.c.obj
 .text.i2c_read_blocking_internal
                0x0000000010004780       0xe0 CMakeFiles/kalman_filter.dir/home/kike/Documents/Droneproject/RaspberrypicoCpp/pico/pico-sdk/src/rp2_common/hardware_i2c/i2c.c.obj
 .text.i2c_set_baudrate
                0x0000000010004860       0xf0 CMakeFiles/kalman_filter.dir/home/kike/Documents/Droneproject/RaspberrypicoCpp/pico/pico-sdk/src/rp2_common/hardware_i2c/i2c.c.obj
                0x0000000010004860                i2c_set_baudrate
 .text.i2c_init
                0x0000000010004950       0x58 CMakeFiles/kalman_filter.dir/home/kike/Documents/Droneproject/RaspberrypicoCpp/pico/pico-sdk/src/rp2_common/hardware_i2c/i2c.c.obj
                0x0000000010004950                i2c_init
 .text.i2c_write_blocking
                0x00000000100049a8       0x18 CMakeFiles/kalman_filter.dir/home/kike/Documents/Droneproject/RaspberrypicoCpp/pico/pico-sdk/src/rp2_common/hardware_i2c/i2c.c.obj
                0x00000000100049a8                i2c_write_blocking
 .text.i2c_read_blocking
                0x00000000100049c0       0x18 CMakeFiles/kalman_filter.dir/home/kike/Documents/Droneproject/RaspberrypicoCpp/pico/pico-sdk/src/rp2_common/hardware_i2c/i2c.c.obj
                0x00000000100049c0                i2c_read_blocking
 .text._Z12I2CwriteByteP8i2c_instjhh
                0x00000000100049d8       0x1c CMakeFiles/kalman_filter.dir/lib/IMU/IMU.cpp.obj
                0x00000000100049d8                I2CwriteByte(i2c_inst*, unsigned int, unsigned char, unsigned char)
 .text._Z7I2CreadP8i2c_instjhhPh
                0x00000000100049f4       0x32 CMakeFiles/kalman_filter.dir/lib/IMU/IMU.cpp.obj
                0x00000000100049f4                I2Cread(i2c_inst*, unsigned int, unsigned char, unsigned char, unsigned char*)
 *fill*         0x0000000010004a26        0x2 
 .text._ZN3IMU10initializeEv
                0x0000000010004a28      0x120 CMakeFiles/kalman_filter.dir/lib/IMU/IMU.cpp.obj
                0x0000000010004a28                IMU::initialize()
 .text._ZN3IMU10readsensorEPA3_s
                0x0000000010004b48       0x98 CMakeFiles/kalman_filter.dir/lib/IMU/IMU.cpp.obj
                0x0000000010004b48                IMU::readsensor(short (*) [3])
 .text          0x0000000010004be0       0x68 /usr/lib/gcc/arm-none-eabi/9.2.1/../../../arm-none-eabi/lib/thumb/v6-m/nofp/libg.a(lib_a-strlen-stub.o)
                0x0000000010004be0                strlen
 *(.fini)
 .fini          0x0000000010004c48        0x4 /usr/lib/gcc/arm-none-eabi/9.2.1/thumb/v6-m/nofp/crti.o
                0x0000000010004c48                _fini
 *fill*         0x0000000010004c4c        0x4 
 .fini.__stub   0x0000000010004c50       0x50 linker stubs
 *crtbegin.o(.ctors)
 *crtbegin?.o(.ctors)
 *(EXCLUDE_FILE(*crtend.o *crtend?.o) .ctors)
 *(SORT_BY_NAME(.ctors.*))
 *(.ctors)
 *crtbegin.o(.dtors)
 *crtbegin?.o(.dtors)
 *(EXCLUDE_FILE(*crtend.o *crtend?.o) .dtors)
 *(SORT_BY_NAME(.dtors.*))
 *(.dtors)
 *(.eh_frame*)
 .eh_frame      0x0000000010004ca0        0x0 /usr/lib/gcc/arm-none-eabi/9.2.1/thumb/v6-m/nofp/crtbegin.o
                0x0000000010004ca0                . = ALIGN (0x4)

.glue_7         0x0000000010004ca0        0x0
 .glue_7        0x0000000010004ca0        0x0 linker stubs

.glue_7t        0x0000000010004ca0        0x0
 .glue_7t       0x0000000010004ca0        0x0 linker stubs

.vfp11_veneer   0x0000000010004ca0        0x0
 .vfp11_veneer  0x0000000010004ca0        0x0 linker stubs

.v4_bx          0x0000000010004ca0        0x0
 .v4_bx         0x0000000010004ca0        0x0 linker stubs

.iplt           0x0000000010004ca0        0x0
 .iplt          0x0000000010004ca0        0x0 /usr/lib/gcc/arm-none-eabi/9.2.1/thumb/v6-m/nofp/crtbegin.o

.rodata         0x0000000010004ca0     0x1408
 *(EXCLUDE_FILE(*libm.a: *libc.a:*lib_a-mem*.o *libgcc.a:) .rodata*)
 .rodata._Z10initializev.str1.4
                0x0000000010004ca0      0x147 CMakeFiles/kalman_filter.dir/kalman_filter.cpp.obj
 *fill*         0x0000000010004de7        0x1 
 .rodata.main.str1.4
                0x0000000010004de8       0xbf CMakeFiles/kalman_filter.dir/kalman_filter.cpp.obj
 *fill*         0x0000000010004ea7        0x1 
 .rodata.repeating_timer_callback.str1.4
                0x0000000010004ea8       0x71 CMakeFiles/kalman_filter.dir/home/kike/Documents/Droneproject/RaspberrypicoCpp/pico/pico-sdk/src/common/pico_time/time.c.obj
 *fill*         0x0000000010004f19        0x3 
 .rodata.alarm_pool_dump_key.str1.4
                0x0000000010004f1c       0x33 CMakeFiles/kalman_filter.dir/home/kike/Documents/Droneproject/RaspberrypicoCpp/pico/pico-sdk/src/common/pico_time/time.c.obj
 *fill*         0x0000000010004f4f        0x1 
 .rodata.ph_add_child_node.str1.4
                0x0000000010004f50       0xba CMakeFiles/kalman_filter.dir/home/kike/Documents/Droneproject/RaspberrypicoCpp/pico/pico-sdk/src/common/pico_time/time.c.obj
 *fill*         0x000000001000500a        0x2 
 .rodata.add_alarm_under_lock.str1.4
                0x000000001000500c       0x28 CMakeFiles/kalman_filter.dir/home/kike/Documents/Droneproject/RaspberrypicoCpp/pico/pico-sdk/src/common/pico_time/time.c.obj
                                         0x2b (size before relaxing)
 .rodata.alarm_pool_alarm_callback.str1.4
                0x0000000010005034       0x82 CMakeFiles/kalman_filter.dir/home/kike/Documents/Droneproject/RaspberrypicoCpp/pico/pico-sdk/src/common/pico_time/time.c.obj
                                        0x10a (size before relaxing)
 *fill*         0x00000000100050b6        0x2 
 .rodata.alarm_pool_get_default.str1.4
                0x00000000100050b8       0x21 CMakeFiles/kalman_filter.dir/home/kike/Documents/Droneproject/RaspberrypicoCpp/pico/pico-sdk/src/common/pico_time/time.c.obj
 *fill*         0x00000000100050d9        0x3 
 .rodata.sleep_until.str1.4
                0x00000000100050dc       0x4d CMakeFiles/kalman_filter.dir/home/kike/Documents/Droneproject/RaspberrypicoCpp/pico/pico-sdk/src/common/pico_time/time.c.obj
 *fill*         0x0000000010005129        0x3 
 .rodata.__func__.5701
                0x000000001000512c       0x15 CMakeFiles/kalman_filter.dir/home/kike/Documents/Droneproject/RaspberrypicoCpp/pico/pico-sdk/src/common/pico_time/time.c.obj
 *fill*         0x0000000010005141        0x3 
 .rodata.__func__.6002
                0x0000000010005144        0xc CMakeFiles/kalman_filter.dir/home/kike/Documents/Droneproject/RaspberrypicoCpp/pico/pico-sdk/src/common/pico_time/time.c.obj
 .rodata.__func__.6009
                0x0000000010005150       0x12 CMakeFiles/kalman_filter.dir/home/kike/Documents/Droneproject/RaspberrypicoCpp/pico/pico-sdk/src/common/pico_time/time.c.obj
 *fill*         0x0000000010005162        0x2 
 .rodata.__func__.6025
                0x0000000010005164        0xf CMakeFiles/kalman_filter.dir/home/kike/Documents/Droneproject/RaspberrypicoCpp/pico/pico-sdk/src/common/pico_time/time.c.obj
 *fill*         0x0000000010005173        0x1 
 .rodata.__func__.6047
                0x0000000010005174        0xd CMakeFiles/kalman_filter.dir/home/kike/Documents/Droneproject/RaspberrypicoCpp/pico/pico-sdk/src/common/pico_time/time.c.obj
 *fill*         0x0000000010005181        0x3 
 .rodata.__func__.6248
                0x0000000010005184        0xa CMakeFiles/kalman_filter.dir/home/kike/Documents/Droneproject/RaspberrypicoCpp/pico/pico-sdk/src/common/pico_time/time.c.obj
 *fill*         0x000000001000518e        0x2 
 .rodata.__func__.6253
                0x0000000010005190       0x12 CMakeFiles/kalman_filter.dir/home/kike/Documents/Droneproject/RaspberrypicoCpp/pico/pico-sdk/src/common/pico_time/time.c.obj
 *fill*         0x00000000100051a2        0x2 
 .rodata.__func__.6268
                0x00000000100051a4       0x17 CMakeFiles/kalman_filter.dir/home/kike/Documents/Droneproject/RaspberrypicoCpp/pico/pico-sdk/src/common/pico_time/time.c.obj
 *fill*         0x00000000100051bb        0x1 
 .rodata.__func__.6279
                0x00000000100051bc       0x15 CMakeFiles/kalman_filter.dir/home/kike/Documents/Droneproject/RaspberrypicoCpp/pico/pico-sdk/src/common/pico_time/time.c.obj
 *fill*         0x00000000100051d1        0x3 
 .rodata.__func__.6296
                0x00000000100051d4       0x1a CMakeFiles/kalman_filter.dir/home/kike/Documents/Droneproject/RaspberrypicoCpp/pico/pico-sdk/src/common/pico_time/time.c.obj
 *fill*         0x00000000100051ee        0x2 
 .rodata.hardware_alarm_claim.str1.4
                0x00000000100051f0       0x22 CMakeFiles/kalman_filter.dir/home/kike/Documents/Droneproject/RaspberrypicoCpp/pico/pico-sdk/src/rp2_common/hardware_timer/timer.c.obj
 *fill*         0x0000000010005212        0x2 
 .rodata.hardware_alarm_set_target.str1.4
                0x0000000010005214       0x8b CMakeFiles/kalman_filter.dir/home/kike/Documents/Droneproject/RaspberrypicoCpp/pico/pico-sdk/src/rp2_common/hardware_timer/timer.c.obj
 *fill*         0x000000001000529f        0x1 
 .rodata.__func__.4548
                0x00000000100052a0       0x1a CMakeFiles/kalman_filter.dir/home/kike/Documents/Droneproject/RaspberrypicoCpp/pico/pico-sdk/src/rp2_common/hardware_timer/timer.c.obj
 *fill*         0x00000000100052ba        0x2 
 .rodata.str1.4
                0x00000000100052bc       0xd9 CMakeFiles/kalman_filter.dir/home/kike/Documents/Droneproject/RaspberrypicoCpp/pico/pico-sdk/src/common/pico_sync/mutex.c.obj
                                        0x161 (size before relaxing)
 *fill*         0x0000000010005395        0x3 
 .rodata.__func__.4610
                0x0000000010005398       0x15 CMakeFiles/kalman_filter.dir/home/kike/Documents/Droneproject/RaspberrypicoCpp/pico/pico-sdk/src/common/pico_sync/mutex.c.obj
 *fill*         0x00000000100053ad        0x3 
 .rodata.__func__.4645
                0x00000000100053b0        0xb CMakeFiles/kalman_filter.dir/home/kike/Documents/Droneproject/RaspberrypicoCpp/pico/pico-sdk/src/common/pico_sync/mutex.c.obj
 .rodata.ph_add_child_node.str1.4
                0x00000000100053bb       0xba CMakeFiles/kalman_filter.dir/home/kike/Documents/Droneproject/RaspberrypicoCpp/pico/pico-sdk/src/common/pico_util/pheap.c.obj
 *fill*         0x00000000100053bb        0x1 
 .rodata.ph_remove_any_head.str1.4
                0x00000000100053bc       0xb4 CMakeFiles/kalman_filter.dir/home/kike/Documents/Droneproject/RaspberrypicoCpp/pico/pico-sdk/src/common/pico_util/pheap.c.obj
 .rodata.ph_remove_and_free_node.str1.4
                0x0000000010005470       0x26 CMakeFiles/kalman_filter.dir/home/kike/Documents/Droneproject/RaspberrypicoCpp/pico/pico-sdk/src/common/pico_util/pheap.c.obj
 *fill*         0x0000000010005496        0x2 
 .rodata.__func__.5708
                0x0000000010005498        0xc CMakeFiles/kalman_filter.dir/home/kike/Documents/Droneproject/RaspberrypicoCpp/pico/pico-sdk/src/common/pico_util/pheap.c.obj
 .rodata.__func__.5715
                0x00000000100054a4       0x12 CMakeFiles/kalman_filter.dir/home/kike/Documents/Droneproject/RaspberrypicoCpp/pico/pico-sdk/src/common/pico_util/pheap.c.obj
 *fill*         0x00000000100054b6        0x2 
 .rodata.__func__.5801
                0x00000000100054b8       0x13 CMakeFiles/kalman_filter.dir/home/kike/Documents/Droneproject/RaspberrypicoCpp/pico/pico-sdk/src/common/pico_util/pheap.c.obj
 *fill*         0x00000000100054cb        0x1 
 .rodata.__func__.5819
                0x00000000100054cc       0x18 CMakeFiles/kalman_filter.dir/home/kike/Documents/Droneproject/RaspberrypicoCpp/pico/pico-sdk/src/common/pico_util/pheap.c.obj
 .rodata.__assert_func.str1.4
                0x00000000100054e4       0x3f CMakeFiles/kalman_filter.dir/home/kike/Documents/Droneproject/RaspberrypicoCpp/pico/pico-sdk/src/rp2_common/pico_runtime/runtime.c.obj
                                         0x43 (size before relaxing)
 *fill*         0x0000000010005523        0x1 
 .rodata.panic.str1.4
                0x0000000010005524       0x10 CMakeFiles/kalman_filter.dir/home/kike/Documents/Droneproject/RaspberrypicoCpp/pico/pico-sdk/src/rp2_common/pico_runtime/runtime.c.obj
                                         0x12 (size before relaxing)
 .rodata.clock_configure.str1.4
                0x0000000010005534       0x7d CMakeFiles/kalman_filter.dir/home/kike/Documents/Droneproject/RaspberrypicoCpp/pico/pico-sdk/src/rp2_common/hardware_clocks/clocks.c.obj
 *fill*         0x00000000100055b1        0x3 
 .rodata.__func__.4667
                0x00000000100055b4       0x10 CMakeFiles/kalman_filter.dir/home/kike/Documents/Droneproject/RaspberrypicoCpp/pico/pico-sdk/src/rp2_common/hardware_clocks/clocks.c.obj
 .rodata.make_branch.str1.4
                0x00000000100055c4       0x73 CMakeFiles/kalman_filter.dir/home/kike/Documents/Droneproject/RaspberrypicoCpp/pico/pico-sdk/src/rp2_common/hardware_irq/irq.c.obj
 *fill*         0x0000000010005637        0x1 
 .rodata.irq_set_exclusive_handler.str1.4
                0x0000000010005638       0x36 CMakeFiles/kalman_filter.dir/home/kike/Documents/Droneproject/RaspberrypicoCpp/pico/pico-sdk/src/rp2_common/hardware_irq/irq.c.obj
 *fill*         0x000000001000566e        0x2 
 .rodata.irq_add_shared_handler.str1.4
                0x0000000010005670       0xd9 CMakeFiles/kalman_filter.dir/home/kike/Documents/Droneproject/RaspberrypicoCpp/pico/pico-sdk/src/rp2_common/hardware_irq/irq.c.obj
 *fill*         0x0000000010005749        0x3 
 .rodata.irq_remove_handler.str1.4
                0x000000001000574c       0x2a CMakeFiles/kalman_filter.dir/home/kike/Documents/Droneproject/RaspberrypicoCpp/pico/pico-sdk/src/rp2_common/hardware_irq/irq.c.obj
 *fill*         0x0000000010005776        0x2 
 .rodata.irq_add_tail_to_free_list.str1.4
                0x0000000010005778       0x32 CMakeFiles/kalman_filter.dir/home/kike/Documents/Droneproject/RaspberrypicoCpp/pico/pico-sdk/src/rp2_common/hardware_irq/irq.c.obj
                                         0x3a (size before relaxing)
 *fill*         0x00000000100057aa        0x2 
 .rodata.__func__.4703
                0x00000000100057ac       0x1a CMakeFiles/kalman_filter.dir/home/kike/Documents/Droneproject/RaspberrypicoCpp/pico/pico-sdk/src/rp2_common/hardware_irq/irq.c.obj
 *fill*         0x00000000100057c6        0x2 
 .rodata.__func__.4717
                0x00000000100057c8        0xc CMakeFiles/kalman_filter.dir/home/kike/Documents/Droneproject/RaspberrypicoCpp/pico/pico-sdk/src/rp2_common/hardware_irq/irq.c.obj
 .rodata.__func__.4725
                0x00000000100057d4       0x17 CMakeFiles/kalman_filter.dir/home/kike/Documents/Droneproject/RaspberrypicoCpp/pico/pico-sdk/src/rp2_common/hardware_irq/irq.c.obj
 *fill*         0x00000000100057eb        0x1 
 .rodata.__func__.4729
                0x00000000100057ec        0xf CMakeFiles/kalman_filter.dir/home/kike/Documents/Droneproject/RaspberrypicoCpp/pico/pico-sdk/src/rp2_common/hardware_irq/irq.c.obj
 *fill*         0x00000000100057fb        0x1 
 .rodata.__func__.4768
                0x00000000100057fc       0x13 CMakeFiles/kalman_filter.dir/home/kike/Documents/Droneproject/RaspberrypicoCpp/pico/pico-sdk/src/rp2_common/hardware_irq/irq.c.obj
 *fill*         0x000000001000580f        0x1 
 .rodata.__func__.4787
                0x0000000010005810       0x1a CMakeFiles/kalman_filter.dir/home/kike/Documents/Droneproject/RaspberrypicoCpp/pico/pico-sdk/src/rp2_common/hardware_irq/irq.c.obj
 *fill*         0x000000001000582a        0x2 
 .rodata.pll_init.str1.4
                0x000000001000582c       0xff CMakeFiles/kalman_filter.dir/home/kike/Documents/Droneproject/RaspberrypicoCpp/pico/pico-sdk/src/rp2_common/hardware_pll/pll.c.obj
 *fill*         0x000000001000592b        0x1 
 .rodata.__func__.4402
                0x000000001000592c        0x9 CMakeFiles/kalman_filter.dir/home/kike/Documents/Droneproject/RaspberrypicoCpp/pico/pico-sdk/src/rp2_common/hardware_pll/pll.c.obj
 *fill*         0x0000000010005935        0x3 
 .rodata._ftoa.str1.4
                0x0000000010005938       0x15 CMakeFiles/kalman_filter.dir/home/kike/Documents/Droneproject/RaspberrypicoCpp/pico/pico-sdk/src/rp2_common/pico_printf/printf.c.obj
 *fill*         0x000000001000594d        0x3 
 .rodata._vsnprintf
                0x0000000010005950      0x1e0 CMakeFiles/kalman_filter.dir/home/kike/Documents/Droneproject/RaspberrypicoCpp/pico/pico-sdk/src/rp2_common/pico_printf/printf.c.obj
 .rodata.pow10.5422
                0x0000000010005b30       0x50 CMakeFiles/kalman_filter.dir/home/kike/Documents/Droneproject/RaspberrypicoCpp/pico/pico-sdk/src/rp2_common/pico_printf/printf.c.obj
 .rodata.__aeabi_double_init.str1.4
                0x0000000010005b80       0xce CMakeFiles/kalman_filter.dir/home/kike/Documents/Droneproject/RaspberrypicoCpp/pico/pico-sdk/src/rp2_common/pico_double/double_init_rom.c.obj
 *fill*         0x0000000010005c4e        0x2 
 .rodata.__func__.4668
                0x0000000010005c50       0x14 CMakeFiles/kalman_filter.dir/home/kike/Documents/Droneproject/RaspberrypicoCpp/pico/pico-sdk/src/rp2_common/pico_double/double_init_rom.c.obj
 .rodata.__aeabi_float_init.str1.4
                0x0000000010005c64       0xa0 CMakeFiles/kalman_filter.dir/home/kike/Documents/Droneproject/RaspberrypicoCpp/pico/pico-sdk/src/rp2_common/pico_float/float_init_rom.c.obj
                                         0xa4 (size before relaxing)
 .rodata.__func__.4670
                0x0000000010005d04       0x13 CMakeFiles/kalman_filter.dir/home/kike/Documents/Droneproject/RaspberrypicoCpp/pico/pico-sdk/src/rp2_common/pico_float/float_init_rom.c.obj
 *fill*         0x0000000010005d17        0x1 
 .rodata.str1.4
                0x0000000010005d18       0x48 CMakeFiles/kalman_filter.dir/home/kike/Documents/Droneproject/RaspberrypicoCpp/pico/pico-sdk/src/rp2_common/pico_standard_link/binary_info.c.obj
 .rodata.__bi_44
                0x0000000010005d60        0xc CMakeFiles/kalman_filter.dir/home/kike/Documents/Droneproject/RaspberrypicoCpp/pico/pico-sdk/src/rp2_common/pico_standard_link/binary_info.c.obj
 .rodata.__bi_56
                0x0000000010005d6c        0xc CMakeFiles/kalman_filter.dir/home/kike/Documents/Droneproject/RaspberrypicoCpp/pico/pico-sdk/src/rp2_common/pico_standard_link/binary_info.c.obj
 .rodata.__bi_75
                0x0000000010005d78        0xc CMakeFiles/kalman_filter.dir/home/kike/Documents/Droneproject/RaspberrypicoCpp/pico/pico-sdk/src/rp2_common/pico_standard_link/binary_info.c.obj
 .rodata.__bi_81
                0x0000000010005d84        0xc CMakeFiles/kalman_filter.dir/home/kike/Documents/Droneproject/RaspberrypicoCpp/pico/pico-sdk/src/rp2_common/pico_standard_link/binary_info.c.obj
 .rodata.crlf_str.6010
                0x0000000010005d90        0x2 CMakeFiles/kalman_filter.dir/home/kike/Documents/Droneproject/RaspberrypicoCpp/pico/pico-sdk/src/rp2_common/pico_stdio/stdio.c.obj
 *fill*         0x0000000010005d92        0x2 
 .rodata.str1.4
                0x0000000010005d94       0x2c CMakeFiles/kalman_filter.dir/home/kike/Documents/Droneproject/RaspberrypicoCpp/pico/pico-sdk/src/rp2_common/pico_stdio_uart/stdio_uart.c.obj
 .rodata.__bi_28.4739
                0x0000000010005dc0        0xc CMakeFiles/kalman_filter.dir/home/kike/Documents/Droneproject/RaspberrypicoCpp/pico/pico-sdk/src/rp2_common/pico_stdio_uart/stdio_uart.c.obj
 .rodata.__bi_29.4743
                0x0000000010005dcc        0x8 CMakeFiles/kalman_filter.dir/home/kike/Documents/Droneproject/RaspberrypicoCpp/pico/pico-sdk/src/rp2_common/pico_stdio_uart/stdio_uart.c.obj
 .rodata.i2c_set_baudrate.str1.4
                0x0000000010005dd4       0x83 CMakeFiles/kalman_filter.dir/home/kike/Documents/Droneproject/RaspberrypicoCpp/pico/pico-sdk/src/rp2_common/hardware_i2c/i2c.c.obj
 *fill*         0x0000000010005e57        0x1 
 .rodata.__func__.4772
                0x0000000010005e58       0x11 CMakeFiles/kalman_filter.dir/home/kike/Documents/Droneproject/RaspberrypicoCpp/pico/pico-sdk/src/rp2_common/hardware_i2c/i2c.c.obj
 *fill*         0x0000000010005e69        0x3 
 .rodata._ZN3IMU10initializeEv.str1.4
                0x0000000010005e6c      0x239 CMakeFiles/kalman_filter.dir/lib/IMU/IMU.cpp.obj
                0x00000000100060a8                . = ALIGN (0x4)
 *fill*         0x00000000100060a5        0x3 
 *(SORT_BY_ALIGNMENT(SORT_BY_NAME(.flashdata*)))
                0x00000000100060a8                . = ALIGN (0x4)

.rel.dyn        0x00000000100060a8        0x0
 .rel.iplt      0x00000000100060a8        0x0 /usr/lib/gcc/arm-none-eabi/9.2.1/thumb/v6-m/nofp/crtbegin.o

.ARM.extab
 *(.ARM.extab* .gnu.linkonce.armextab.*)
                0x00000000100060a8                __exidx_start = .

.ARM.exidx
 *(.ARM.exidx* .gnu.linkonce.armexidx.*)
                0x00000000100060a8                __exidx_end = .
                0x00000000100060a8                . = ALIGN (0x4)
                0x00000000100060a8                __binary_info_start = .

.binary_info    0x00000000100060a8       0x28
 *(.binary_info.keep.*)
 .binary_info.keep.__bi_ptr22
                0x00000000100060a8        0x4 CMakeFiles/kalman_filter.dir/home/kike/Documents/Droneproject/RaspberrypicoCpp/pico/pico-sdk/src/rp2_common/pico_standard_link/binary_info.c.obj
 .binary_info.keep.__bi_ptr30
                0x00000000100060ac        0x4 CMakeFiles/kalman_filter.dir/home/kike/Documents/Droneproject/RaspberrypicoCpp/pico/pico-sdk/src/rp2_common/pico_standard_link/binary_info.c.obj
 .binary_info.keep.__bi_ptr38
                0x00000000100060b0        0x4 CMakeFiles/kalman_filter.dir/home/kike/Documents/Droneproject/RaspberrypicoCpp/pico/pico-sdk/src/rp2_common/pico_standard_link/binary_info.c.obj
 .binary_info.keep.__bi_ptr44
                0x00000000100060b4        0x4 CMakeFiles/kalman_filter.dir/home/kike/Documents/Droneproject/RaspberrypicoCpp/pico/pico-sdk/src/rp2_common/pico_standard_link/binary_info.c.obj
 .binary_info.keep.__bi_ptr50
                0x00000000100060b8        0x4 CMakeFiles/kalman_filter.dir/home/kike/Documents/Droneproject/RaspberrypicoCpp/pico/pico-sdk/src/rp2_common/pico_standard_link/binary_info.c.obj
 .binary_info.keep.__bi_ptr56
                0x00000000100060bc        0x4 CMakeFiles/kalman_filter.dir/home/kike/Documents/Droneproject/RaspberrypicoCpp/pico/pico-sdk/src/rp2_common/pico_standard_link/binary_info.c.obj
 .binary_info.keep.__bi_ptr75
                0x00000000100060c0        0x4 CMakeFiles/kalman_filter.dir/home/kike/Documents/Droneproject/RaspberrypicoCpp/pico/pico-sdk/src/rp2_common/pico_standard_link/binary_info.c.obj
 .binary_info.keep.__bi_ptr81
                0x00000000100060c4        0x4 CMakeFiles/kalman_filter.dir/home/kike/Documents/Droneproject/RaspberrypicoCpp/pico/pico-sdk/src/rp2_common/pico_standard_link/binary_info.c.obj
 *(.binary_info.*)
 .binary_info.__bi_ptr28
                0x00000000100060c8        0x4 CMakeFiles/kalman_filter.dir/home/kike/Documents/Droneproject/RaspberrypicoCpp/pico/pico-sdk/src/rp2_common/pico_stdio_uart/stdio_uart.c.obj
 .binary_info.__bi_ptr29
                0x00000000100060cc        0x4 CMakeFiles/kalman_filter.dir/home/kike/Documents/Droneproject/RaspberrypicoCpp/pico/pico-sdk/src/rp2_common/pico_stdio_uart/stdio_uart.c.obj
                0x00000000100060d0                __binary_info_end = .
                0x00000000100060d0                . = ALIGN (0x4)
                0x00000000100060d0                __etext = .

.ram_vector_table
                0x0000000020000000       0xc0
 *(.ram_vector_table)
 .ram_vector_table
                0x0000000020000000       0xc0 CMakeFiles/kalman_filter.dir/home/kike/Documents/Droneproject/RaspberrypicoCpp/pico/pico-sdk/src/rp2_common/pico_runtime/runtime.c.obj
                0x0000000020000000                ram_vector_table

.data           0x00000000200000c0      0x2b8 load address 0x00000000100060d0
                0x00000000200000c0                __data_start__ = .
 *(vtable)
 *(.time_critical*)
 .time_critical.mutex_enter_blocking
                0x00000000200000c0       0x94 CMakeFiles/kalman_filter.dir/home/kike/Documents/Droneproject/RaspberrypicoCpp/pico/pico-sdk/src/common/pico_sync/mutex.c.obj
                0x00000000200000c0                mutex_enter_blocking
 .time_critical.mutex_try_enter
                0x0000000020000154       0x5a CMakeFiles/kalman_filter.dir/home/kike/Documents/Droneproject/RaspberrypicoCpp/pico/pico-sdk/src/common/pico_sync/mutex.c.obj
                0x0000000020000154                mutex_try_enter
 *fill*         0x00000000200001ae        0x2 
 .time_critical.mutex_exit
                0x00000000200001b0       0x94 CMakeFiles/kalman_filter.dir/home/kike/Documents/Droneproject/RaspberrypicoCpp/pico/pico-sdk/src/common/pico_sync/mutex.c.obj
                0x00000000200001b0                mutex_exit
 *(.text*)
 .text          0x0000000020000244        0x4 /usr/lib/gcc/arm-none-eabi/9.2.1/thumb/v6-m/nofp/libgcc.a(_dvmd_tls.o)
                0x0000000020000244                __aeabi_ldiv0
                0x0000000020000244                __aeabi_idiv0
 .text.__stub   0x0000000020000248       0x10 linker stubs
                0x0000000020000258                . = ALIGN (0x4)
 *(.rodata*)
                0x0000000020000258                . = ALIGN (0x4)
 *(.data*)
 .data.imu      0x0000000020000258       0x48 CMakeFiles/kalman_filter.dir/kalman_filter.cpp.obj
                0x0000000020000258                imu
 .data.striped_spin_lock_num
                0x00000000200002a0        0x1 CMakeFiles/kalman_filter.dir/home/kike/Documents/Droneproject/RaspberrypicoCpp/pico/pico-sdk/src/rp2_common/hardware_sync/sync.c.obj
 *fill*         0x00000000200002a1        0x3 
 .data.default_alarm_pool
                0x00000000200002a4       0x18 CMakeFiles/kalman_filter.dir/home/kike/Documents/Droneproject/RaspberrypicoCpp/pico/pico-sdk/src/common/pico_time/time.c.obj
 .data.default_alarm_pool_heap
                0x00000000200002bc       0x10 CMakeFiles/kalman_filter.dir/home/kike/Documents/Droneproject/RaspberrypicoCpp/pico/pico-sdk/src/common/pico_time/time.c.obj
 .data          0x00000000200002cc       0x48 CMakeFiles/kalman_filter.dir/home/kike/Documents/Droneproject/RaspberrypicoCpp/pico/pico-sdk/src/rp2_common/hardware_irq/irq_handler_chain.S.obj
                0x00000000200002cc                irq_handler_chain_slots
                0x00000000200002fc                irq_handler_chain_first_slot
                0x0000000020000306                irq_handler_chain_remove_tail
 *fill*         0x0000000020000314        0xc 
 .data.aeabi_bits_funcs
                0x0000000020000320       0x10 CMakeFiles/kalman_filter.dir/home/kike/Documents/Droneproject/RaspberrypicoCpp/pico/pico-sdk/src/rp2_common/pico_bit_ops/bit_ops_aeabi.S.obj
                0x0000000020000320                aeabi_bits_funcs
                0x0000000020000330                aeabi_bits_funcs_end
 .data.aeabi_mem_funcs
                0x0000000020000330       0x10 CMakeFiles/kalman_filter.dir/home/kike/Documents/Droneproject/RaspberrypicoCpp/pico/pico-sdk/src/rp2_common/pico_mem_ops/mem_ops_aeabi.S.obj
                0x0000000020000330                aeabi_mem_funcs
                0x0000000020000340                aeabi_mem_funcs_end
 .data.stdio_uart
                0x0000000020000340       0x14 CMakeFiles/kalman_filter.dir/home/kike/Documents/Droneproject/RaspberrypicoCpp/pico/pico-sdk/src/rp2_common/pico_stdio_uart/stdio_uart.c.obj
                0x0000000020000340                stdio_uart
 .data.i2c0_inst
                0x0000000020000354        0x8 CMakeFiles/kalman_filter.dir/home/kike/Documents/Droneproject/RaspberrypicoCpp/pico/pico-sdk/src/rp2_common/hardware_i2c/i2c.c.obj
                0x0000000020000354                i2c0_inst
                0x000000002000035c                . = ALIGN (0x4)
 *(.after_data.*)
                0x000000002000035c                . = ALIGN (0x4)
                0x000000002000035c                PROVIDE (__mutex_array_start = .)
 *(SORT_BY_NAME(.mutex_array.*))
 *(.mutex_array)
 .mutex_array   0x000000002000035c        0x8 CMakeFiles/kalman_filter.dir/home/kike/Documents/Droneproject/RaspberrypicoCpp/pico/pico-sdk/src/rp2_common/pico_stdio/stdio.c.obj
                0x0000000020000364                PROVIDE (__mutex_array_end = .)
                0x0000000020000364                . = ALIGN (0x4)
                0x0000000020000364                PROVIDE (__preinit_array_start = .)
 *(SORT_BY_NAME(.preinit_array.*))
 .preinit_array.00001
                0x0000000020000364        0x4 CMakeFiles/kalman_filter.dir/home/kike/Documents/Droneproject/RaspberrypicoCpp/pico/pico-sdk/src/rp2_common/pico_mem_ops/mem_ops_aeabi.S.obj
 .preinit_array.00010
                0x0000000020000368        0x4 CMakeFiles/kalman_filter.dir/home/kike/Documents/Droneproject/RaspberrypicoCpp/pico/pico-sdk/src/rp2_common/pico_bit_ops/bit_ops_aeabi.S.obj
 .preinit_array.00020
                0x000000002000036c        0x4 CMakeFiles/kalman_filter.dir/home/kike/Documents/Droneproject/RaspberrypicoCpp/pico/pico-sdk/src/rp2_common/pico_double/double_aeabi.S.obj
 .preinit_array.00020
                0x0000000020000370        0x4 CMakeFiles/kalman_filter.dir/home/kike/Documents/Droneproject/RaspberrypicoCpp/pico/pico-sdk/src/rp2_common/pico_float/float_aeabi.S.obj
 *(.preinit_array)
                0x0000000020000374                PROVIDE (__preinit_array_end = .)
                0x0000000020000374                . = ALIGN (0x4)
                0x0000000020000374                PROVIDE (__init_array_start = .)
 *(SORT_BY_NAME(.init_array.*))
 *(.init_array)
 .init_array    0x0000000020000374        0x4 /usr/lib/gcc/arm-none-eabi/9.2.1/thumb/v6-m/nofp/crtbegin.o
                0x0000000020000378                PROVIDE (__init_array_end = .)
                0x0000000020000378                . = ALIGN (0x4)
                0x0000000020000378                PROVIDE (__fini_array_start = .)
 *(SORT_BY_NAME(.fini_array.*))
 *(.fini_array)
                0x0000000020000378                PROVIDE (__fini_array_end = .)
 *(.jcr)
                0x0000000020000378                . = ALIGN (0x4)
                0x0000000020000378                __data_end__ = .

.tm_clone_table
                0x0000000020000378        0x0 load address 0x0000000010006388
 .tm_clone_table
                0x0000000020000378        0x0 /usr/lib/gcc/arm-none-eabi/9.2.1/thumb/v6-m/nofp/crtbegin.o
 .tm_clone_table
                0x0000000020000378        0x0 /usr/lib/gcc/arm-none-eabi/9.2.1/thumb/v6-m/nofp/crtend.o

.igot.plt       0x0000000020000378        0x0 load address 0x0000000010006388
 .igot.plt      0x0000000020000378        0x0 /usr/lib/gcc/arm-none-eabi/9.2.1/thumb/v6-m/nofp/crtbegin.o

.uninitialized_data
                0x0000000020000378        0x0 load address 0x0000000010006388
                0x0000000020000378                . = ALIGN (0x4)
 *(.uninitialized_data*)

.scratch_x      0x0000000020040000        0x0 load address 0x0000000010006388
                0x0000000020040000                __scratch_x_start__ = .
 *(.scratch_x.*)
                0x0000000020040000                . = ALIGN (0x4)
                0x0000000020040000                __scratch_x_end__ = .
                0x0000000010006388                __scratch_x_source__ = LOADADDR (.scratch_x)

.scratch_y      0x0000000020041000        0x0 load address 0x0000000010006388
                0x0000000020041000                __scratch_y_start__ = .
 *(.scratch_y.*)
                0x0000000020041000                . = ALIGN (0x4)
                0x0000000020041000                __scratch_y_end__ = .
                0x0000000010006388                __scratch_y_source__ = LOADADDR (.scratch_y)

.bss            0x0000000020000378      0x3e4
                0x0000000020000378                . = ALIGN (0x4)
                0x0000000020000378                __bss_start__ = .
 *(SORT_BY_ALIGNMENT(SORT_BY_NAME(.bss*)))
 .bss.default_alarm_pool_entries
                0x0000000020000378      0x100 CMakeFiles/kalman_filter.dir/home/kike/Documents/Droneproject/RaspberrypicoCpp/pico/pico-sdk/src/common/pico_time/time.c.obj
 .bss           0x0000000020000478       0x1c /usr/lib/gcc/arm-none-eabi/9.2.1/thumb/v6-m/nofp/crtbegin.o
 .bss.alarm_callbacks
                0x0000000020000494       0x10 CMakeFiles/kalman_filter.dir/home/kike/Documents/Droneproject/RaspberrypicoCpp/pico/pico-sdk/src/rp2_common/hardware_timer/timer.c.obj
 .bss.configured_freq
                0x00000000200004a4       0x28 CMakeFiles/kalman_filter.dir/home/kike/Documents/Droneproject/RaspberrypicoCpp/pico/pico-sdk/src/rp2_common/hardware_clocks/clocks.c.obj
 .bss.default_alarm_pool_entry_ids_high
                0x00000000200004cc       0x10 CMakeFiles/kalman_filter.dir/home/kike/Documents/Droneproject/RaspberrypicoCpp/pico/pico-sdk/src/common/pico_time/time.c.obj
 .bss.default_alarm_pool_heap_nodes
                0x00000000200004dc       0x30 CMakeFiles/kalman_filter.dir/home/kike/Documents/Droneproject/RaspberrypicoCpp/pico/pico-sdk/src/common/pico_time/time.c.obj
 .bss.drivers   0x000000002000050c        0x4 CMakeFiles/kalman_filter.dir/home/kike/Documents/Droneproject/RaspberrypicoCpp/pico/pico-sdk/src/rp2_common/pico_stdio/stdio.c.obj
 .bss.filter    0x0000000020000510        0x4 CMakeFiles/kalman_filter.dir/home/kike/Documents/Droneproject/RaspberrypicoCpp/pico/pico-sdk/src/rp2_common/pico_stdio/stdio.c.obj
 .bss.imusensor
                0x0000000020000514       0x12 CMakeFiles/kalman_filter.dir/kalman_filter.cpp.obj
                0x0000000020000514                imusensor
 *fill*         0x0000000020000526        0x2 
 .bss.pools     0x0000000020000528       0x10 CMakeFiles/kalman_filter.dir/home/kike/Documents/Droneproject/RaspberrypicoCpp/pico/pico-sdk/src/common/pico_time/time.c.obj
 .bss.sleep_notifier
                0x0000000020000538        0x4 CMakeFiles/kalman_filter.dir/home/kike/Documents/Droneproject/RaspberrypicoCpp/pico/pico-sdk/src/common/pico_time/time.c.obj
 .bss.target_hi
                0x000000002000053c       0x10 CMakeFiles/kalman_filter.dir/home/kike/Documents/Droneproject/RaspberrypicoCpp/pico/pico-sdk/src/rp2_common/hardware_timer/timer.c.obj
 .bss.uart_instance
                0x000000002000054c        0x4 CMakeFiles/kalman_filter.dir/home/kike/Documents/Droneproject/RaspberrypicoCpp/pico/pico-sdk/src/rp2_common/pico_stdio_uart/stdio_uart.c.obj
 .bss.claimed   0x0000000020000550        0x1 CMakeFiles/kalman_filter.dir/home/kike/Documents/Droneproject/RaspberrypicoCpp/pico/pico-sdk/src/rp2_common/hardware_timer/timer.c.obj
 .bss.irq_hander_chain_free_slot_head
                0x0000000020000551        0x1 CMakeFiles/kalman_filter.dir/home/kike/Documents/Droneproject/RaspberrypicoCpp/pico/pico-sdk/src/rp2_common/hardware_irq/irq.c.obj
 .bss.timer_callbacks_pending
                0x0000000020000552        0x1 CMakeFiles/kalman_filter.dir/home/kike/Documents/Droneproject/RaspberrypicoCpp/pico/pico-sdk/src/rp2_common/hardware_timer/timer.c.obj
 *(COMMON)
 *fill*         0x0000000020000553        0x1 
 COMMON         0x0000000020000554        0x4 CMakeFiles/kalman_filter.dir/home/kike/Documents/Droneproject/RaspberrypicoCpp/pico/pico-sdk/src/rp2_common/hardware_uart/uart.c.obj
                0x0000000020000554                uart_char_to_line_feed
 COMMON         0x0000000020000558      0x100 CMakeFiles/kalman_filter.dir/home/kike/Documents/Droneproject/RaspberrypicoCpp/pico/pico-sdk/src/rp2_common/pico_double/double_init_rom.c.obj
                0x0000000020000558                sd_table
 COMMON         0x0000000020000658      0x104 CMakeFiles/kalman_filter.dir/home/kike/Documents/Droneproject/RaspberrypicoCpp/pico/pico-sdk/src/rp2_common/pico_float/float_init_rom.c.obj
                0x0000000020000658                sf_table
                0x0000000020000758                sf_clz_func
                0x000000002000075c                . = ALIGN (0x4)
                0x000000002000075c                __bss_end__ = .

.heap           0x000000002000075c      0x800
                0x000000002000075c                __end__ = .
                0x000000002000075c                end = __end__
 *(.heap*)
 .heap          0x000000002000075c      0x800 CMakeFiles/kalman_filter.dir/home/kike/Documents/Droneproject/RaspberrypicoCpp/pico/pico-sdk/src/rp2_common/pico_standard_link/crt0.S.obj
                0x0000000020000f5c                __HeapLimit = .

.stack1_dummy   0x0000000020040000        0x0
 *(.stack1*)

.stack_dummy    0x0000000020041000      0x800
 *(.stack*)
 .stack         0x0000000020041000      0x800 CMakeFiles/kalman_filter.dir/home/kike/Documents/Droneproject/RaspberrypicoCpp/pico/pico-sdk/src/rp2_common/pico_standard_link/crt0.S.obj

.flash_end      0x0000000010006388        0x0
                0x0000000010006388                __flash_binary_end = .
                0x0000000020040000                __StackLimit = (ORIGIN (RAM) + LENGTH (RAM))
                0x0000000020041000                __StackOneTop = (ORIGIN (SCRATCH_X) + LENGTH (SCRATCH_X))
                0x0000000020042000                __StackTop = (ORIGIN (SCRATCH_Y) + LENGTH (SCRATCH_Y))
                0x0000000020041000                __StackOneBottom = (__StackOneTop - SIZEOF (.stack1_dummy))
                0x0000000020041800                __StackBottom = (__StackTop - SIZEOF (.stack_dummy))
                0x0000000020042000                PROVIDE (__stack = __StackTop)
                0x0000000000000001                ASSERT ((__StackLimit >= __HeapLimit), region RAM overflowed)
                0x0000000000000001                ASSERT (((__binary_info_header_end - __logical_binary_start) <= 0x100), Binary info must be in first 256 bytes of the binary)
LOAD CMakeFiles/kalman_filter.dir/kalman_filter.cpp.obj
LOAD CMakeFiles/kalman_filter.dir/home/kike/Documents/Droneproject/RaspberrypicoCpp/pico/pico-sdk/src/rp2_common/pico_stdlib/stdlib.c.obj
LOAD CMakeFiles/kalman_filter.dir/home/kike/Documents/Droneproject/RaspberrypicoCpp/pico/pico-sdk/src/rp2_common/hardware_gpio/gpio.c.obj
LOAD CMakeFiles/kalman_filter.dir/home/kike/Documents/Droneproject/RaspberrypicoCpp/pico/pico-sdk/src/rp2_common/hardware_claim/claim.c.obj
LOAD CMakeFiles/kalman_filter.dir/home/kike/Documents/Droneproject/RaspberrypicoCpp/pico/pico-sdk/src/rp2_common/pico_platform/platform.c.obj
LOAD CMakeFiles/kalman_filter.dir/home/kike/Documents/Droneproject/RaspberrypicoCpp/pico/pico-sdk/src/rp2_common/hardware_sync/sync.c.obj
LOAD CMakeFiles/kalman_filter.dir/home/kike/Documents/Droneproject/RaspberrypicoCpp/pico/pico-sdk/src/rp2_common/hardware_uart/uart.c.obj
LOAD CMakeFiles/kalman_filter.dir/home/kike/Documents/Droneproject/RaspberrypicoCpp/pico/pico-sdk/src/rp2_common/hardware_divider/divider.S.obj
LOAD CMakeFiles/kalman_filter.dir/home/kike/Documents/Droneproject/RaspberrypicoCpp/pico/pico-sdk/src/common/pico_time/time.c.obj
LOAD CMakeFiles/kalman_filter.dir/home/kike/Documents/Droneproject/RaspberrypicoCpp/pico/pico-sdk/src/common/pico_time/timeout_helper.c.obj
LOAD CMakeFiles/kalman_filter.dir/home/kike/Documents/Droneproject/RaspberrypicoCpp/pico/pico-sdk/src/rp2_common/hardware_timer/timer.c.obj
LOAD CMakeFiles/kalman_filter.dir/home/kike/Documents/Droneproject/RaspberrypicoCpp/pico/pico-sdk/src/common/pico_sync/sem.c.obj
LOAD CMakeFiles/kalman_filter.dir/home/kike/Documents/Droneproject/RaspberrypicoCpp/pico/pico-sdk/src/common/pico_sync/lock_core.c.obj
LOAD CMakeFiles/kalman_filter.dir/home/kike/Documents/Droneproject/RaspberrypicoCpp/pico/pico-sdk/src/common/pico_sync/mutex.c.obj
LOAD CMakeFiles/kalman_filter.dir/home/kike/Documents/Droneproject/RaspberrypicoCpp/pico/pico-sdk/src/common/pico_sync/critical_section.c.obj
LOAD CMakeFiles/kalman_filter.dir/home/kike/Documents/Droneproject/RaspberrypicoCpp/pico/pico-sdk/src/common/pico_util/datetime.c.obj
LOAD CMakeFiles/kalman_filter.dir/home/kike/Documents/Droneproject/RaspberrypicoCpp/pico/pico-sdk/src/common/pico_util/pheap.c.obj
LOAD CMakeFiles/kalman_filter.dir/home/kike/Documents/Droneproject/RaspberrypicoCpp/pico/pico-sdk/src/common/pico_util/queue.c.obj
LOAD CMakeFiles/kalman_filter.dir/home/kike/Documents/Droneproject/RaspberrypicoCpp/pico/pico-sdk/src/rp2_common/pico_runtime/runtime.c.obj
LOAD CMakeFiles/kalman_filter.dir/home/kike/Documents/Droneproject/RaspberrypicoCpp/pico/pico-sdk/src/rp2_common/hardware_clocks/clocks.c.obj
LOAD CMakeFiles/kalman_filter.dir/home/kike/Documents/Droneproject/RaspberrypicoCpp/pico/pico-sdk/src/rp2_common/hardware_irq/irq.c.obj
LOAD CMakeFiles/kalman_filter.dir/home/kike/Documents/Droneproject/RaspberrypicoCpp/pico/pico-sdk/src/rp2_common/hardware_irq/irq_handler_chain.S.obj
LOAD CMakeFiles/kalman_filter.dir/home/kike/Documents/Droneproject/RaspberrypicoCpp/pico/pico-sdk/src/rp2_common/hardware_pll/pll.c.obj
LOAD CMakeFiles/kalman_filter.dir/home/kike/Documents/Droneproject/RaspberrypicoCpp/pico/pico-sdk/src/rp2_common/hardware_vreg/vreg.c.obj
LOAD CMakeFiles/kalman_filter.dir/home/kike/Documents/Droneproject/RaspberrypicoCpp/pico/pico-sdk/src/rp2_common/hardware_watchdog/watchdog.c.obj
LOAD CMakeFiles/kalman_filter.dir/home/kike/Documents/Droneproject/RaspberrypicoCpp/pico/pico-sdk/src/rp2_common/hardware_xosc/xosc.c.obj
LOAD CMakeFiles/kalman_filter.dir/home/kike/Documents/Droneproject/RaspberrypicoCpp/pico/pico-sdk/src/rp2_common/pico_printf/printf.c.obj
LOAD CMakeFiles/kalman_filter.dir/home/kike/Documents/Droneproject/RaspberrypicoCpp/pico/pico-sdk/src/rp2_common/pico_bit_ops/bit_ops_aeabi.S.obj
LOAD CMakeFiles/kalman_filter.dir/home/kike/Documents/Droneproject/RaspberrypicoCpp/pico/pico-sdk/src/rp2_common/pico_bootrom/bootrom.c.obj
LOAD CMakeFiles/kalman_filter.dir/home/kike/Documents/Droneproject/RaspberrypicoCpp/pico/pico-sdk/src/rp2_common/pico_divider/divider.S.obj
LOAD CMakeFiles/kalman_filter.dir/home/kike/Documents/Droneproject/RaspberrypicoCpp/pico/pico-sdk/src/rp2_common/pico_double/double_aeabi.S.obj
LOAD CMakeFiles/kalman_filter.dir/home/kike/Documents/Droneproject/RaspberrypicoCpp/pico/pico-sdk/src/rp2_common/pico_double/double_init_rom.c.obj
LOAD CMakeFiles/kalman_filter.dir/home/kike/Documents/Droneproject/RaspberrypicoCpp/pico/pico-sdk/src/rp2_common/pico_double/double_math.c.obj
LOAD CMakeFiles/kalman_filter.dir/home/kike/Documents/Droneproject/RaspberrypicoCpp/pico/pico-sdk/src/rp2_common/pico_double/double_v1_rom_shim.S.obj
LOAD CMakeFiles/kalman_filter.dir/home/kike/Documents/Droneproject/RaspberrypicoCpp/pico/pico-sdk/src/rp2_common/pico_int64_ops/pico_int64_ops_aeabi.S.obj
LOAD CMakeFiles/kalman_filter.dir/home/kike/Documents/Droneproject/RaspberrypicoCpp/pico/pico-sdk/src/rp2_common/pico_float/float_aeabi.S.obj
LOAD CMakeFiles/kalman_filter.dir/home/kike/Documents/Droneproject/RaspberrypicoCpp/pico/pico-sdk/src/rp2_common/pico_float/float_init_rom.c.obj
LOAD CMakeFiles/kalman_filter.dir/home/kike/Documents/Droneproject/RaspberrypicoCpp/pico/pico-sdk/src/rp2_common/pico_float/float_math.c.obj
LOAD CMakeFiles/kalman_filter.dir/home/kike/Documents/Droneproject/RaspberrypicoCpp/pico/pico-sdk/src/rp2_common/pico_float/float_v1_rom_shim.S.obj
LOAD CMakeFiles/kalman_filter.dir/home/kike/Documents/Droneproject/RaspberrypicoCpp/pico/pico-sdk/src/rp2_common/pico_malloc/pico_malloc.c.obj
LOAD CMakeFiles/kalman_filter.dir/home/kike/Documents/Droneproject/RaspberrypicoCpp/pico/pico-sdk/src/rp2_common/pico_mem_ops/mem_ops_aeabi.S.obj
LOAD CMakeFiles/kalman_filter.dir/home/kike/Documents/Droneproject/RaspberrypicoCpp/pico/pico-sdk/src/rp2_common/pico_standard_link/crt0.S.obj
LOAD CMakeFiles/kalman_filter.dir/home/kike/Documents/Droneproject/RaspberrypicoCpp/pico/pico-sdk/src/rp2_common/pico_standard_link/new_delete.cpp.obj
LOAD CMakeFiles/kalman_filter.dir/home/kike/Documents/Droneproject/RaspberrypicoCpp/pico/pico-sdk/src/rp2_common/pico_standard_link/binary_info.c.obj
LOAD CMakeFiles/kalman_filter.dir/home/kike/Documents/Droneproject/RaspberrypicoCpp/pico/pico-sdk/src/rp2_common/pico_stdio/stdio.c.obj
LOAD CMakeFiles/kalman_filter.dir/home/kike/Documents/Droneproject/RaspberrypicoCpp/pico/pico-sdk/src/rp2_common/pico_stdio_uart/stdio_uart.c.obj
LOAD CMakeFiles/kalman_filter.dir/home/kike/Documents/Droneproject/RaspberrypicoCpp/pico/pico-sdk/src/rp2_common/hardware_spi/spi.c.obj
LOAD CMakeFiles/kalman_filter.dir/home/kike/Documents/Droneproject/RaspberrypicoCpp/pico/pico-sdk/src/rp2_common/hardware_i2c/i2c.c.obj
LOAD CMakeFiles/kalman_filter.dir/lib/IMU/IMU.cpp.obj
LOAD CMakeFiles/kalman_filter.dir/lib/attitude/attitude.cpp.obj
LOAD /tmp/cc2y8Hpa.o
LOAD /usr/lib/gcc/arm-none-eabi/9.2.1/../../../arm-none-eabi/lib/thumb/v6-m/nofp/libstdc++.a
LOAD /usr/lib/gcc/arm-none-eabi/9.2.1/../../../arm-none-eabi/lib/thumb/v6-m/nofp/libm.a
START GROUP
LOAD /usr/lib/gcc/arm-none-eabi/9.2.1/thumb/v6-m/nofp/libgcc.a
LOAD /usr/lib/gcc/arm-none-eabi/9.2.1/../../../arm-none-eabi/lib/thumb/v6-m/nofp/libg.a
LOAD /usr/lib/gcc/arm-none-eabi/9.2.1/../../../arm-none-eabi/lib/thumb/v6-m/nofp/libc.a
END GROUP
START GROUP
LOAD /usr/lib/gcc/arm-none-eabi/9.2.1/thumb/v6-m/nofp/libgcc.a
LOAD /usr/lib/gcc/arm-none-eabi/9.2.1/../../../arm-none-eabi/lib/thumb/v6-m/nofp/libc.a
LOAD /usr/lib/gcc/arm-none-eabi/9.2.1/../../../arm-none-eabi/lib/thumb/v6-m/nofp/libnosys.a
END GROUP
LOAD /usr/lib/gcc/arm-none-eabi/9.2.1/thumb/v6-m/nofp/crtend.o
LOAD /usr/lib/gcc/arm-none-eabi/9.2.1/thumb/v6-m/nofp/crtn.o
OUTPUT(kalman_filter.elf elf32-littlearm)
LOAD linker stubs

.ARM.attributes
                0x0000000000000000       0x28
 .ARM.attributes
                0x0000000000000000       0x1e /usr/lib/gcc/arm-none-eabi/9.2.1/thumb/v6-m/nofp/crti.o
 .ARM.attributes
                0x000000000000001e       0x2c /usr/lib/gcc/arm-none-eabi/9.2.1/thumb/v6-m/nofp/crtbegin.o
 .ARM.attributes
                0x000000000000004a       0x2c CMakeFiles/kalman_filter.dir/kalman_filter.cpp.obj
 .ARM.attributes
                0x0000000000000076       0x2c CMakeFiles/kalman_filter.dir/home/kike/Documents/Droneproject/RaspberrypicoCpp/pico/pico-sdk/src/rp2_common/hardware_gpio/gpio.c.obj
 .ARM.attributes
                0x00000000000000a2       0x2c CMakeFiles/kalman_filter.dir/home/kike/Documents/Droneproject/RaspberrypicoCpp/pico/pico-sdk/src/rp2_common/hardware_claim/claim.c.obj
 .ARM.attributes
                0x00000000000000ce       0x2c CMakeFiles/kalman_filter.dir/home/kike/Documents/Droneproject/RaspberrypicoCpp/pico/pico-sdk/src/rp2_common/pico_platform/platform.c.obj
 .ARM.attributes
                0x00000000000000fa       0x2c CMakeFiles/kalman_filter.dir/home/kike/Documents/Droneproject/RaspberrypicoCpp/pico/pico-sdk/src/rp2_common/hardware_sync/sync.c.obj
 .ARM.attributes
                0x0000000000000126       0x2c CMakeFiles/kalman_filter.dir/home/kike/Documents/Droneproject/RaspberrypicoCpp/pico/pico-sdk/src/rp2_common/hardware_uart/uart.c.obj
 .ARM.attributes
                0x0000000000000152       0x2c CMakeFiles/kalman_filter.dir/home/kike/Documents/Droneproject/RaspberrypicoCpp/pico/pico-sdk/src/common/pico_time/time.c.obj
 .ARM.attributes
                0x000000000000017e       0x2c CMakeFiles/kalman_filter.dir/home/kike/Documents/Droneproject/RaspberrypicoCpp/pico/pico-sdk/src/rp2_common/hardware_timer/timer.c.obj
 .ARM.attributes
                0x00000000000001aa       0x2c CMakeFiles/kalman_filter.dir/home/kike/Documents/Droneproject/RaspberrypicoCpp/pico/pico-sdk/src/common/pico_sync/lock_core.c.obj
 .ARM.attributes
                0x00000000000001d6       0x2c CMakeFiles/kalman_filter.dir/home/kike/Documents/Droneproject/RaspberrypicoCpp/pico/pico-sdk/src/common/pico_sync/mutex.c.obj
 .ARM.attributes
                0x0000000000000202       0x2c CMakeFiles/kalman_filter.dir/home/kike/Documents/Droneproject/RaspberrypicoCpp/pico/pico-sdk/src/common/pico_util/pheap.c.obj
 .ARM.attributes
                0x000000000000022e       0x2c CMakeFiles/kalman_filter.dir/home/kike/Documents/Droneproject/RaspberrypicoCpp/pico/pico-sdk/src/rp2_common/pico_runtime/runtime.c.obj
 .ARM.attributes
                0x000000000000025a       0x2c CMakeFiles/kalman_filter.dir/home/kike/Documents/Droneproject/RaspberrypicoCpp/pico/pico-sdk/src/rp2_common/hardware_clocks/clocks.c.obj
 .ARM.attributes
                0x0000000000000286       0x2c CMakeFiles/kalman_filter.dir/home/kike/Documents/Droneproject/RaspberrypicoCpp/pico/pico-sdk/src/rp2_common/hardware_irq/irq.c.obj
 .ARM.attributes
                0x00000000000002b2       0x22 CMakeFiles/kalman_filter.dir/home/kike/Documents/Droneproject/RaspberrypicoCpp/pico/pico-sdk/src/rp2_common/hardware_irq/irq_handler_chain.S.obj
 .ARM.attributes
                0x00000000000002d4       0x2c CMakeFiles/kalman_filter.dir/home/kike/Documents/Droneproject/RaspberrypicoCpp/pico/pico-sdk/src/rp2_common/hardware_pll/pll.c.obj
 .ARM.attributes
                0x0000000000000300       0x2c CMakeFiles/kalman_filter.dir/home/kike/Documents/Droneproject/RaspberrypicoCpp/pico/pico-sdk/src/rp2_common/hardware_watchdog/watchdog.c.obj
 .ARM.attributes
                0x000000000000032c       0x2c CMakeFiles/kalman_filter.dir/home/kike/Documents/Droneproject/RaspberrypicoCpp/pico/pico-sdk/src/rp2_common/hardware_xosc/xosc.c.obj
 .ARM.attributes
                0x0000000000000358       0x2c CMakeFiles/kalman_filter.dir/home/kike/Documents/Droneproject/RaspberrypicoCpp/pico/pico-sdk/src/rp2_common/pico_printf/printf.c.obj
 .ARM.attributes
                0x0000000000000384       0x22 CMakeFiles/kalman_filter.dir/home/kike/Documents/Droneproject/RaspberrypicoCpp/pico/pico-sdk/src/rp2_common/pico_bit_ops/bit_ops_aeabi.S.obj
 .ARM.attributes
                0x00000000000003a6       0x2c CMakeFiles/kalman_filter.dir/home/kike/Documents/Droneproject/RaspberrypicoCpp/pico/pico-sdk/src/rp2_common/pico_bootrom/bootrom.c.obj
 .ARM.attributes
                0x00000000000003d2       0x22 CMakeFiles/kalman_filter.dir/home/kike/Documents/Droneproject/RaspberrypicoCpp/pico/pico-sdk/src/rp2_common/pico_divider/divider.S.obj
 .ARM.attributes
                0x00000000000003f4       0x22 CMakeFiles/kalman_filter.dir/home/kike/Documents/Droneproject/RaspberrypicoCpp/pico/pico-sdk/src/rp2_common/pico_double/double_aeabi.S.obj
 .ARM.attributes
                0x0000000000000416       0x2c CMakeFiles/kalman_filter.dir/home/kike/Documents/Droneproject/RaspberrypicoCpp/pico/pico-sdk/src/rp2_common/pico_double/double_init_rom.c.obj
 .ARM.attributes
                0x0000000000000442       0x22 CMakeFiles/kalman_filter.dir/home/kike/Documents/Droneproject/RaspberrypicoCpp/pico/pico-sdk/src/rp2_common/pico_double/double_v1_rom_shim.S.obj
 .ARM.attributes
                0x0000000000000464       0x22 CMakeFiles/kalman_filter.dir/home/kike/Documents/Droneproject/RaspberrypicoCpp/pico/pico-sdk/src/rp2_common/pico_int64_ops/pico_int64_ops_aeabi.S.obj
 .ARM.attributes
                0x0000000000000486       0x22 CMakeFiles/kalman_filter.dir/home/kike/Documents/Droneproject/RaspberrypicoCpp/pico/pico-sdk/src/rp2_common/pico_float/float_aeabi.S.obj
 .ARM.attributes
                0x00000000000004a8       0x2c CMakeFiles/kalman_filter.dir/home/kike/Documents/Droneproject/RaspberrypicoCpp/pico/pico-sdk/src/rp2_common/pico_float/float_init_rom.c.obj
 .ARM.attributes
                0x00000000000004d4       0x22 CMakeFiles/kalman_filter.dir/home/kike/Documents/Droneproject/RaspberrypicoCpp/pico/pico-sdk/src/rp2_common/pico_float/float_v1_rom_shim.S.obj
 .ARM.attributes
                0x00000000000004f6       0x22 CMakeFiles/kalman_filter.dir/home/kike/Documents/Droneproject/RaspberrypicoCpp/pico/pico-sdk/src/rp2_common/pico_mem_ops/mem_ops_aeabi.S.obj
 .ARM.attributes
                0x0000000000000518       0x22 CMakeFiles/kalman_filter.dir/home/kike/Documents/Droneproject/RaspberrypicoCpp/pico/pico-sdk/src/rp2_common/pico_standard_link/crt0.S.obj
 .ARM.attributes
                0x000000000000053a       0x32 CMakeFiles/kalman_filter.dir/home/kike/Documents/Droneproject/RaspberrypicoCpp/pico/pico-sdk/src/rp2_common/pico_standard_link/binary_info.c.obj
 .ARM.attributes
                0x000000000000056c       0x2c CMakeFiles/kalman_filter.dir/home/kike/Documents/Droneproject/RaspberrypicoCpp/pico/pico-sdk/src/rp2_common/pico_stdio/stdio.c.obj
 .ARM.attributes
                0x0000000000000598       0x2c CMakeFiles/kalman_filter.dir/home/kike/Documents/Droneproject/RaspberrypicoCpp/pico/pico-sdk/src/rp2_common/pico_stdio_uart/stdio_uart.c.obj
 .ARM.attributes
                0x00000000000005c4       0x2c CMakeFiles/kalman_filter.dir/home/kike/Documents/Droneproject/RaspberrypicoCpp/pico/pico-sdk/src/rp2_common/hardware_spi/spi.c.obj
 .ARM.attributes
                0x00000000000005f0       0x2c CMakeFiles/kalman_filter.dir/home/kike/Documents/Droneproject/RaspberrypicoCpp/pico/pico-sdk/src/rp2_common/hardware_i2c/i2c.c.obj
 .ARM.attributes
                0x000000000000061c       0x2c CMakeFiles/kalman_filter.dir/lib/IMU/IMU.cpp.obj
 .ARM.attributes
                0x0000000000000648       0x22 /tmp/cc2y8Hpa.o
 .ARM.attributes
                0x000000000000066a       0x1e /usr/lib/gcc/arm-none-eabi/9.2.1/thumb/v6-m/nofp/libgcc.a(_dvmd_tls.o)
 .ARM.attributes
                0x0000000000000688       0x2c /usr/lib/gcc/arm-none-eabi/9.2.1/../../../arm-none-eabi/lib/thumb/v6-m/nofp/libg.a(lib_a-strlen-stub.o)
 .ARM.attributes
                0x00000000000006b4       0x2c /usr/lib/gcc/arm-none-eabi/9.2.1/thumb/v6-m/nofp/crtend.o

.comment        0x0000000000000000       0xa7